Component: ARM Compiler 5.06 update 7 (build 960) Tool: armlink [4d3601]

==============================================================================

Section Cross References

    main.o(i.Load_Drow_Dialog) refers to lcd.o(i.LCD_Clear) for LCD_Clear
    main.o(i.Load_Drow_Dialog) refers to lcd.o(i.LCD_ShowString) for LCD_ShowString
    main.o(i.Load_Drow_Dialog) refers to lcd.o(.data) for POINT_COLOR
    main.o(i.Load_Drow_Dialog) refers to lcd.o(.bss) for lcddev
    main.o(i.ctp_test) refers to main.o(i.lcd_draw_bline) for lcd_draw_bline
    main.o(i.ctp_test) refers to main.o(i.Load_Drow_Dialog) for Load_Drow_Dialog
    main.o(i.ctp_test) refers to delay.o(i.delay_ms) for delay_ms
    main.o(i.ctp_test) refers to touch.o(.data) for tp_dev
    main.o(i.ctp_test) refers to lcd.o(.bss) for lcddev
    main.o(i.ctp_test) refers to main.o(.constdata) for POINT_COLOR_TBL
    main.o(i.gui_draw_hline) refers to lcd.o(i.LCD_Fill) for LCD_Fill
    main.o(i.gui_fill_circle) refers to main.o(i.gui_draw_hline) for gui_draw_hline
    main.o(i.lcd_draw_bline) refers to main.o(i.gui_fill_circle) for gui_fill_circle
    main.o(i.main) refers to stm32f4xx_hal.o(i.HAL_Init) for HAL_Init
    main.o(i.main) refers to sys.o(i.Stm32_Clock_Init) for Stm32_Clock_Init
    main.o(i.main) refers to delay.o(i.delay_init) for delay_init
    main.o(i.main) refers to usart.o(i.uart_init) for uart_init
    main.o(i.main) refers to led.o(i.LED_Init) for LED_Init
    main.o(i.main) refers to key.o(i.KEY_Init) for KEY_Init
    main.o(i.main) refers to lcd.o(i.LCD_Init) for LCD_Init
    main.o(i.main) refers to lcd.o(i.LCD_ShowString) for LCD_ShowString
    main.o(i.main) refers to delay.o(i.delay_ms) for delay_ms
    main.o(i.main) refers to main.o(i.Load_Drow_Dialog) for Load_Drow_Dialog
    main.o(i.main) refers to main.o(i.ctp_test) for ctp_test
    main.o(i.main) refers to main.o(i.rtp_test) for rtp_test
    main.o(i.main) refers to usmart_config.o(.data) for usmart_dev
    main.o(i.main) refers to touch.o(.data) for tp_dev
    main.o(i.main) refers to lcd.o(.data) for POINT_COLOR
    main.o(i.rtp_test) refers to key.o(i.KEY_Scan) for KEY_Scan
    main.o(i.rtp_test) refers to main.o(i.Load_Drow_Dialog) for Load_Drow_Dialog
    main.o(i.rtp_test) refers to touch.o(i.TP_Draw_Big_Point) for TP_Draw_Big_Point
    main.o(i.rtp_test) refers to delay.o(i.delay_ms) for delay_ms
    main.o(i.rtp_test) refers to lcd.o(i.LCD_Clear) for LCD_Clear
    main.o(i.rtp_test) refers to touch.o(i.TP_Adjust) for TP_Adjust
    main.o(i.rtp_test) refers to touch.o(i.TP_Save_Adjdata) for TP_Save_Adjdata
    main.o(i.rtp_test) refers to touch.o(.data) for tp_dev
    main.o(i.rtp_test) refers to lcd.o(.bss) for lcddev
    stm32f4xx_it.o(i.SysTick_Handler) refers to stm32f4xx_hal.o(i.HAL_IncTick) for HAL_IncTick
    system_stm32f4xx.o(i.SystemCoreClockUpdate) refers to system_stm32f4xx.o(.data) for SystemCoreClock
    system_stm32f4xx.o(i.SystemCoreClockUpdate) refers to system_stm32f4xx.o(.constdata) for AHBPrescTable
    startup_stm32f407xx.o(STACK) refers (Special) to heapauxi.o(.text) for __use_two_region_memory
    startup_stm32f407xx.o(HEAP) refers (Special) to heapauxi.o(.text) for __use_two_region_memory
    startup_stm32f407xx.o(RESET) refers (Special) to heapauxi.o(.text) for __use_two_region_memory
    startup_stm32f407xx.o(RESET) refers to startup_stm32f407xx.o(STACK) for __initial_sp
    startup_stm32f407xx.o(RESET) refers to startup_stm32f407xx.o(.text) for Reset_Handler
    startup_stm32f407xx.o(RESET) refers to stm32f4xx_it.o(i.NMI_Handler) for NMI_Handler
    startup_stm32f407xx.o(RESET) refers to stm32f4xx_it.o(i.HardFault_Handler) for HardFault_Handler
    startup_stm32f407xx.o(RESET) refers to stm32f4xx_it.o(i.MemManage_Handler) for MemManage_Handler
    startup_stm32f407xx.o(RESET) refers to stm32f4xx_it.o(i.BusFault_Handler) for BusFault_Handler
    startup_stm32f407xx.o(RESET) refers to stm32f4xx_it.o(i.UsageFault_Handler) for UsageFault_Handler
    startup_stm32f407xx.o(RESET) refers to stm32f4xx_it.o(i.SVC_Handler) for SVC_Handler
    startup_stm32f407xx.o(RESET) refers to stm32f4xx_it.o(i.DebugMon_Handler) for DebugMon_Handler
    startup_stm32f407xx.o(RESET) refers to stm32f4xx_it.o(i.PendSV_Handler) for PendSV_Handler
    startup_stm32f407xx.o(RESET) refers to stm32f4xx_it.o(i.SysTick_Handler) for SysTick_Handler
    startup_stm32f407xx.o(RESET) refers to usmart.o(i.TIM4_IRQHandler) for TIM4_IRQHandler
    startup_stm32f407xx.o(RESET) refers to usart.o(i.USART1_IRQHandler) for USART1_IRQHandler
    startup_stm32f407xx.o(.text) refers (Special) to heapauxi.o(.text) for __use_two_region_memory
    startup_stm32f407xx.o(.text) refers to system_stm32f4xx.o(i.SystemInit) for SystemInit
    startup_stm32f407xx.o(.text) refers to __main.o(!!!main) for __main
    startup_stm32f407xx.o(.text) refers to startup_stm32f407xx.o(HEAP) for Heap_Mem
    startup_stm32f407xx.o(.text) refers to startup_stm32f407xx.o(STACK) for Stack_Mem
[...]
    $v0                                      0x080093b2   Number         0  dflt_clz.o(x$fpl$dflt)
    x$fpl$dfltu                              0x080093e0   Section       38  dflt_clz.o(x$fpl$dfltu)
    $v0                                      0x080093e0   Number         0  dflt_clz.o(x$fpl$dfltu)
    x$fpl$dleqf                              0x08009408   Section      120  dleqf.o(x$fpl$dleqf)
    $v0                                      0x08009408   Number         0  dleqf.o(x$fpl$dleqf)
    x$fpl$dmul                               0x08009480   Section      340  dmul.o(x$fpl$dmul)
    $v0                                      0x08009480   Number         0  dmul.o(x$fpl$dmul)
    x$fpl$dnaninf                            0x080095d4   Section      156  dnaninf.o(x$fpl$dnaninf)
    $v0                                      0x080095d4   Number         0  dnaninf.o(x$fpl$dnaninf)
    x$fpl$dretinf                            0x08009670   Section       12  dretinf.o(x$fpl$dretinf)
    $v0                                      0x08009670   Number         0  dretinf.o(x$fpl$dretinf)
    x$fpl$drleqf                             0x0800967c   Section      108  drleqf.o(x$fpl$drleqf)
    $v0                                      0x0800967c   Number         0  drleqf.o(x$fpl$drleqf)
    x$fpl$drsb                               0x080096e8   Section       22  daddsub_clz.o(x$fpl$drsb)
    $v0                                      0x080096e8   Number         0  daddsub_clz.o(x$fpl$drsb)
    x$fpl$dsqrt                              0x08009700   Section      408  dsqrt_umaal.o(x$fpl$dsqrt)
    $v0                                      0x08009700   Number         0  dsqrt_umaal.o(x$fpl$dsqrt)
    x$fpl$dsub                               0x08009898   Section      468  daddsub_clz.o(x$fpl$dsub)
    $v0                                      0x08009898   Number         0  daddsub_clz.o(x$fpl$dsub)
    _dsub1                                   0x080098a9   Thumb Code     0  daddsub_clz.o(x$fpl$dsub)
    x$fpl$f2d                                0x08009a6c   Section       86  f2d.o(x$fpl$f2d)
    $v0                                      0x08009a6c   Number         0  f2d.o(x$fpl$f2d)
    x$fpl$fnaninf                            0x08009ac2   Section      140  fnaninf.o(x$fpl$fnaninf)
    $v0                                      0x08009ac2   Number         0  fnaninf.o(x$fpl$fnaninf)
    x$fpl$fpinit                             0x08009b4e   Section       10  fpinit.o(x$fpl$fpinit)
    $v0                                      0x08009b4e   Number         0  fpinit.o(x$fpl$fpinit)
    .constdata                               0x08009b58   Section       10  main.o(.constdata)
    x$fpl$usenofp                            0x08009b58   Section        0  usenofp.o(x$fpl$usenofp)
    .constdata                               0x08009b62   Section       24  system_stm32f4xx.o(.constdata)
    .constdata                               0x08009b7a   Section    18240  lcd.o(.constdata)
    .constdata                               0x0800e2ba   Section       20  ft5206.o(.constdata)
    .constdata                               0x0800e2ce   Section      194  gt9147.o(.constdata)
    .constdata                               0x0800e390   Section       10  ott2001a.o(.constdata)
    .constdata                               0x0800e39c   Section        4  touch.o(.constdata)
    .constdata                               0x0800e3a0   Section       40  _printf_hex_int.o(.constdata)
    uc_hextab                                0x0800e3a0   Data          20  _printf_hex_int.o(.constdata)
    lc_hextab                                0x0800e3b4   Data          20  _printf_hex_int.o(.constdata)
    .constdata                               0x0800e3c8   Section       17  __printf_flags_ss_wp.o(.constdata)
    maptable                                 0x0800e3c8   Data          17  __printf_flags_ss_wp.o(.constdata)
    .conststring                             0x0800e3dc   Section      121  touch.o(.conststring)
    .conststring                             0x0800e458   Section       40  usmart.o(.conststring)
    .conststring                             0x0800e480   Section      107  usmart_config.o(.conststring)
    .data                                    0x20000000   Section        4  system_stm32f4xx.o(.data)
    .data                                    0x20000004   Section        9  stm32f4xx_hal.o(.data)
    .data                                    0x20000010   Section        4  delay.o(.data)
    fac_us                                   0x20000010   Data           4  delay.o(.data)
    .data                                    0x20000014   Section        7  usart.o(.data)
    .data                                    0x2000001c   Section        8  lcd.o(.data)
    .data                                    0x20000024   Section        1  key.o(.data)
    key_up                                   0x20000024   Data           1  key.o(.data)
    .data                                    0x20000025   Section        7  ft5206.o(.data)
    t                                        0x2000002b   Data           1  ft5206.o(.data)
    .data                                    0x2000002c   Section        1  gt9147.o(.data)
    t                                        0x2000002c   Data           1  gt9147.o(.data)
    .data                                    0x2000002d   Section        1  ott2001a.o(.data)
    t                                        0x2000002d   Data           1  ott2001a.o(.data)
    .data                                    0x20000030   Section       54  touch.o(.data)
    .data                                    0x20000068   Section       28  usmart.o(.data)
    .data                                    0x20000084   Section      276  usmart_config.o(.data)
    .bss                                     0x20000198   Section      264  usart.o(.bss)
    .bss                                     0x200002a0   Section       94  lcd.o(.bss)
    .bss                                     0x20000300   Section       64  usmart.o(.bss)
    .bss                                     0x20000340   Section       96  libspace.o(.bss)
    HEAP                                     0x200003a0   Section      512  startup_stm32f407xx.o(HEAP)
    Heap_Mem                                 0x200003a0   Data         512  startup_stm32f407xx.o(HEAP)
    STACK                                    0x200005a0   Section     1024  startup_stm32f407xx.o(STACK)
    Stack_Mem                                0x200005a0   Data        1024  startup_stm32f407xx.o(STACK)
    __initial_sp                             0x200009a0   Data           0  startup_stm32f407xx.o(STACK)

    Global Symbols

    Symbol Name                              Value     Ov Type        Size  Object(Section)

    BuildAttributes$$THM_ISAv4$E$P$D$K$B$S$7EM$VFPi3$EXTD16$VFPS$VFMA$PE$A:L22UL41UL21$X:L11$S22US41US21$IEEE1$IW$USESV6$~STKCKD$USESV7$~SHL$OTIME$ROPI$IEEEJ$EBA8$UX$STANDARDLIB$REQ8$PRES8$EABIv2 0x00000000   Number         0  anon$$obj.o ABSOLUTE
    __ARM_use_no_argv                        0x00000000   Number         0  main.o ABSOLUTE
    _printf_flags                            0x00000000   Number         0  printf_stubs.o ABSOLUTE
    _printf_return_value                     0x00000000   Number         0  printf_stubs.o ABSOLUTE
    _printf_sizespec                         0x00000000   Number         0  printf_stubs.o ABSOLUTE
    _printf_widthprec                        0x00000000   Number         0  printf_stubs.o ABSOLUTE
    __ARM_exceptions_init                     - Undefined Weak Reference
    __alloca_initialize                       - Undefined Weak Reference
    __arm_fini_                               - Undefined Weak Reference
    __arm_preinit_                            - Undefined Weak Reference
    __cpp_initialize__aeabi_                  - Undefined Weak Reference
    __cxa_finalize                            - Undefined Weak Reference
    __rt_locale                               - Undefined Weak Reference
    __sigvec_lookup                           - Undefined Weak Reference
    _atexit_init                              - Undefined Weak Reference
    _call_atexit_fns                          - Undefined Weak Reference
    _clock_init                               - Undefined Weak Reference
    _fp_trap_init                             - Undefined Weak Reference
    _fp_trap_shutdown                         - Undefined Weak Reference
    _get_lc_collate                           - Undefined Weak Reference
    _get_lc_ctype                             - Undefined Weak Reference
    _get_lc_monetary                          - Undefined Weak Reference
    _get_lc_numeric                           - Undefined Weak Reference
    _get_lc_time                              - Undefined Weak Reference
    _getenv_init                              - Undefined Weak Reference
    _handle_redirection                       - Undefined Weak Reference
    _init_alloc                               - Undefined Weak Reference
    _init_user_alloc                          - Undefined Weak Reference
    _initio                                   - Undefined Weak Reference
    _mutex_acquire                            - Undefined Weak Reference
    _mutex_release                            - Undefined Weak Reference
    _printf_mbtowc                            - Undefined Weak Reference
    _printf_truncate_signed                   - Undefined Weak Reference
    _printf_truncate_unsigned                 - Undefined Weak Reference
    _rand_init                                - Undefined Weak Reference
    _signal_finish                            - Undefined Weak Reference
    _signal_init                              - Undefined Weak Reference
    _terminate_alloc                          - Undefined Weak Reference
    _terminate_user_alloc                     - Undefined Weak Reference
    _terminateio                              - Undefined Weak Reference
    __Vectors_Size                           0x00000188   Number         0  startup_stm32f407xx.o ABSOLUTE
    __Vectors                                0x08000000   Data           4  startup_stm32f407xx.o(RESET)
    __Vectors_End                            0x08000188   Data           0  startup_stm32f407xx.o(RESET)
    __main                                   0x08000189   Thumb Code     8  __main.o(!!!main)
    __scatterload                            0x08000191   Thumb Code     0  __scatter.o(!!!scatter)
    __scatterload_rt2                        0x08000191   Thumb Code    44  __scatter.o(!!!scatter)
    __scatterload_rt2_thumb_only             0x08000191   Thumb Code     0  __scatter.o(!!!scatter)
    __scatterload_null                       0x0800019f   Thumb Code     0  __scatter.o(!!!scatter)
    __decompress                             0x080001c5   Thumb Code    90  __dczerorl2.o(!!dczerorl2)
    __decompress1                            0x080001c5   Thumb Code     0  __dczerorl2.o(!!dczerorl2)
    __scatterload_zeroinit                   0x08000221   Thumb Code    28  __scatter_zi.o(!!handler_zi)
    _printf_d                                0x0800023d   Thumb Code     0  _printf_d.o(.ARM.Collect$$_printf_percent$$00000009)
    _printf_percent                          0x0800023d   Thumb Code     0  _printf_percent.o(.ARM.Collect$$_printf_percent$$00000000)
    _printf_u                                0x08000243   Thumb Code     0  _printf_u.o(.ARM.Collect$$_printf_percent$$0000000A)
    _printf_x                                0x08000249   Thumb Code     0  _printf_x.o(.ARM.Collect$$_printf_percent$$0000000C)
    _printf_c                                0x0800024f   Thumb Code     0  _printf_c.o(.ARM.Collect$$_printf_percent$$00000013)
    _printf_s                                0x08000255   Thumb Code     0  _printf_s.o(.ARM.Collect$$_printf_percent$$00000014)
    _printf_percent_end                      0x0800025b   Thumb Code     0  _printf_percent_end.o(.ARM.Collect$$_printf_percent$$00000017)
    __rt_lib_init                            0x0800025f   Thumb Code     0  libinit.o(.ARM.Collect$$libinit$$00000000)
    __rt_lib_init_fp_1                       0x08000261   Thumb Code     0  libinit2.o(.ARM.Collect$$libinit$$00000001)
    __rt_lib_init_alloca_1                   0x08000265   Thumb Code     0  libinit2.o(.ARM.Collect$$libinit$$0000002E)
    __rt_lib_init_argv_1                     0x08000265   Thumb Code     0  libinit2.o(.ARM.Collect$$libinit$$0000002C)
    __rt_lib_init_atexit_1                   0x08000265   Thumb Code     0  libinit2.o(.ARM.Collect$$libinit$$0000001B)
    __rt_lib_init_clock_1                    0x08000265   Thumb Code     0  libinit2.o(.ARM.Collect$$libinit$$00000021)
    __rt_lib_init_cpp_1                      0x08000265   Thumb Code     0  libinit2.o(.ARM.Collect$$libinit$$00000032)
    __rt_lib_init_exceptions_1               0x08000265   Thumb Code     0  libinit2.o(.ARM.Collect$$libinit$$00000030)
    __rt_lib_init_fp_trap_1                  0x08000265   Thumb Code     0  libinit2.o(.ARM.Collect$$libinit$$0000001F)
    __rt_lib_init_getenv_1                   0x08000265   Thumb Code     0  libinit2.o(.ARM.Collect$$libinit$$00000023)
    __rt_lib_init_heap_1                     0x08000265   Thumb Code     0  libinit2.o(.ARM.Collect$$libinit$$0000000A)
    __rt_lib_init_lc_collate_1               0x08000265   Thumb Code     0  libinit2.o(.ARM.Collect$$libinit$$00000011)
    __rt_lib_init_lc_ctype_1                 0x08000265   Thumb Code     0  libinit2.o(.ARM.Collect$$libinit$$00000013)
    __rt_lib_init_lc_monetary_1              0x08000265   Thumb Code     0  libinit2.o(.ARM.Collect$$libinit$$00000015)
    __rt_lib_init_lc_numeric_1               0x08000265   Thumb Code     0  libinit2.o(.ARM.Collect$$libinit$$00000017)
    __rt_lib_init_lc_time_1                  0x08000265   Thumb Code     0  libinit2.o(.ARM.Collect$$libinit$$00000019)
    __rt_lib_init_preinit_1                  0x08000265   Thumb Code     0  libinit2.o(.ARM.Collect$$libinit$$00000004)
    __rt_lib_init_rand_1                     0x08000265   Thumb Code     0  libinit2.o(.ARM.Collect$$libinit$$0000000E)
    __rt_lib_init_return                     0x08000265   Thumb Code     0  libinit2.o(.ARM.Collect$$libinit$$00000033)
    __rt_lib_init_signal_1                   0x08000265   Thumb Code     0  libinit2.o(.ARM.Collect$$libinit$$0000001D)
    __rt_lib_init_stdio_1                    0x08000265   Thumb Code     0  libinit2.o(.ARM.Collect$$libinit$$00000025)
    __rt_lib_init_user_alloc_1               0x08000265   Thumb Code     0  libinit2.o(.ARM.Collect$$libinit$$0000000C)
    __rt_lib_shutdown                        0x08000267   Thumb Code     0  libshutdown.o(.ARM.Collect$$libshutdown$$00000000)
    __rt_lib_shutdown_cpp_1                  0x08000269   Thumb Code     0  libshutdown2.o(.ARM.Collect$$libshutdown$$00000004)
    __rt_lib_shutdown_fini_1                 0x08000269   Thumb Code     0  libshutdown2.o(.ARM.Collect$$libshutdown$$00000002)
    __rt_lib_shutdown_fp_trap_1              0x08000269   Thumb Code     0  libshutdown2.o(.ARM.Collect$$libshutdown$$00000009)
    __rt_lib_shutdown_heap_1                 0x08000269   Thumb Code     0  libshutdown2.o(.ARM.Collect$$libshutdown$$00000011)
    __rt_lib_shutdown_return                 0x08000269   Thumb Code     0  libshutdown2.o(.ARM.Collect$$libshutdown$$00000012)
    __rt_lib_shutdown_signal_1               0x08000269   Thumb Code     0  libshutdown2.o(.ARM.Collect$$libshutdown$$0000000C)
    __rt_lib_shutdown_stdio_1                0x08000269   Thumb Code     0  libshutdown2.o(.ARM.Collect$$libshutdown$$00000006)
    __rt_lib_shutdown_user_alloc_1           0x08000269   Thumb Code     0  libshutdown2.o(.ARM.Collect$$libshutdown$$0000000E)
    __rt_entry                               0x0800026b   Thumb Code     0  __rtentry.o(.ARM.Collect$$rtentry$$00000000)
    __rt_entry_presh_1                       0x0800026b   Thumb Code     0  __rtentry2.o(.ARM.Collect$$rtentry$$00000002)
    __rt_entry_sh                            0x0800026b   Thumb Code     0  __rtentry4.o(.ARM.Collect$$rtentry$$00000004)
    __rt_entry_li                            0x08000271   Thumb Code     0  __rtentry2.o(.ARM.Collect$$rtentry$$0000000A)
    __rt_entry_postsh_1                      0x08000271   Thumb Code     0  __rtentry2.o(.ARM.Collect$$rtentry$$00000009)
    __rt_entry_main                          0x08000275   Thumb Code     0  __rtentry2.o(.ARM.Collect$$rtentry$$0000000D)
    __rt_entry_postli_1                      0x08000275   Thumb Code     0  __rtentry2.o(.ARM.Collect$$rtentry$$0000000C)
    __rt_exit                                0x0800027d   Thumb Code     0  rtexit.o(.ARM.Collect$$rtexit$$00000000)
    __rt_exit_ls                             0x0800027f   Thumb Code     0  rtexit2.o(.ARM.Collect$$rtexit$$00000003)
    __rt_exit_prels_1                        0x0800027f   Thumb Code     0  rtexit2.o(.ARM.Collect$$rtexit$$00000002)
    __rt_exit_exit                           0x08000283   Thumb Code     0  rtexit2.o(.ARM.Collect$$rtexit$$00000004)
    Reset_Handler                            0x08000289   Thumb Code     8  startup_stm32f407xx.o(.text)
    ADC_IRQHandler                           0x080002a3   Thumb Code     0  startup_stm32f407xx.o(.text)
    CAN1_RX0_IRQHandler                      0x080002a3   Thumb Code     0  startup_stm32f407xx.o(.text)
    CAN1_RX1_IRQHandler                      0x080002a3   Thumb Code     0  startup_stm32f407xx.o(.text)
    CAN1_SCE_IRQHandler                      0x080002a3   Thumb Code     0  startup_stm32f407xx.o(.text)
    CAN1_TX_IRQHandler                       0x080002a3   Thumb Code     0  startup_stm32f407xx.o(.text)
    CAN2_RX0_IRQHandler                      0x080002a3   Thumb Code     0  startup_stm32f407xx.o(.text)
    CAN2_RX1_IRQHandler                      0x080002a3   Thumb Code     0  startup_stm32f407xx.o(.text)
    CAN2_SCE_IRQHandler                      0x080002a3   Thumb Code     0  startup_stm32f407xx.o(.text)
    CAN2_TX_IRQHandler                       0x080002a3   Thumb Code     0  startup_stm32f407xx.o(.text)
    DCMI_IRQHandler                          0x080002a3   Thumb Code     0  startup_stm32f407xx.o(.text)
    DMA1_Stream0_IRQHandler                  0x080002a3   Thumb Code     0  startup_stm32f407xx.o(.text)
    DMA1_Stream1_IRQHandler                  0x080002a3   Thumb Code     0  startup_stm32f407xx.o(.text)
    DMA1_Stream2_IRQHandler                  0x080002a3   Thumb Code     0  startup_stm32f407xx.o(.text)
    DMA1_Stream3_IRQHandler                  0x080002a3   Thumb Code     0  startup_stm32f407xx.o(.text)
    DMA1_Stream4_IRQHandler                  0x080002a3   Thumb Code     0  startup_stm32f407xx.o(.text)
    DMA1_Stream5_IRQHandler                  0x080002a3   Thumb Code     0  startup_stm32f407xx.o(.text)
    DMA1_Stream6_IRQHandler                  0x080002a3   Thumb Code     0  startup_stm32f407xx.o(.text)
    DMA1_Stream7_IRQHandler                  0x080002a3   Thumb Code     0  startup_stm32f407xx.o(.text)
    DMA2_Stream0_IRQHandler                  0x080002a3   Thumb Code     0  startup_stm32f407xx.o(.text)
    DMA2_Stream1_IRQHandler                  0x080002a3   Thumb Code     0  startup_stm32f407xx.o(.text)
    DMA2_Stream2_IRQHandler                  0x080002a3   Thumb Code     0  startup_stm32f407xx.o(.text)
    DMA2_Stream3_IRQHandler                  0x080002a3   Thumb Code     0  startup_stm32f407xx.o(.text)
    DMA2_Stream4_IRQHandler                  0x080002a3   Thumb Code     0  startup_stm32f407xx.o(.text)
    DMA2_Stream5_IRQHandler                  0x080002a3   Thumb Code     0  startup_stm32f407xx.o(.text)
    DMA2_Stream6_IRQHandler                  0x080002a3   Thumb Code     0  startup_stm32f407xx.o(.text)
    DMA2_Stream7_IRQHandler                  0x080002a3   Thumb Code     0  startup_stm32f407xx.o(.text)
    ETH_IRQHandler                           0x080002a3   Thumb Code     0  startup_stm32f407xx.o(.text)
    ETH_WKUP_IRQHandler                      0x080002a3   Thumb Code     0  startup_stm32f407xx.o(.text)
    EXTI0_IRQHandler                         0x080002a3   Thumb Code     0  startup_stm32f407xx.o(.text)
    EXTI15_10_IRQHandler                     0x080002a3   Thumb Code     0  startup_stm32f407xx.o(.text)
    EXTI1_IRQHandler                         0x080002a3   Thumb Code     0  startup_stm32f407xx.o(.text)
    EXTI2_IRQHandler                         0x080002a3   Thumb Code     0  startup_stm32f407xx.o(.text)
    EXTI3_IRQHandler                         0x080002a3   Thumb Code     0  startup_stm32f407xx.o(.text)
    EXTI4_IRQHandler                         0x080002a3   Thumb Code     0  startup_stm32f407xx.o(.text)
    EXTI9_5_IRQHandler                       0x080002a3   Thumb Code     0  startup_stm32f407xx.o(.text)
    FLASH_IRQHandler                         0x080002a3   Thumb Code     0  startup_stm32f407xx.o(.text)
    FMC_IRQHandler                           0x080002a3   Thumb Code     0  startup_stm32f407xx.o(.text)
    FPU_IRQHandler                           0x080002a3   Thumb Code     0  startup_stm32f407xx.o(.text)
    HASH_RNG_IRQHandler                      0x080002a3   Thumb Code     0  startup_stm32f407xx.o(.text)
    I2C1_ER_IRQHandler                       0x080002a3   Thumb Code     0  startup_stm32f407xx.o(.text)
    I2C1_EV_IRQHandler                       0x080002a3   Thumb Code     0  startup_stm32f407xx.o(.text)
    I2C2_ER_IRQHandler                       0x080002a3   Thumb Code     0  startup_stm32f407xx.o(.text)
    I2C2_EV_IRQHandler                       0x080002a3   Thumb Code     0  startup_stm32f407xx.o(.text)
    I2C3_ER_IRQHandler                       0x080002a3   Thumb Code     0  startup_stm32f407xx.o(.text)
    I2C3_EV_IRQHandler                       0x080002a3   Thumb Code     0  startup_stm32f407xx.o(.text)
    OTG_FS_IRQHandler                        0x080002a3   Thumb Code     0  startup_stm32f407xx.o(.text)
    OTG_FS_WKUP_IRQHandler                   0x080002a3   Thumb Code     0  startup_stm32f407xx.o(.text)
    OTG_HS_EP1_IN_IRQHandler                 0x080002a3   Thumb Code     0  startup_stm32f407xx.o(.text)
    OTG_HS_EP1_OUT_IRQHandler                0x080002a3   Thumb Code     0  startup_stm32f407xx.o(.text)
    OTG_HS_IRQHandler                        0x080002a3   Thumb Code     0  startup_stm32f407xx.o(.text)
    OTG_HS_WKUP_IRQHandler                   0x080002a3   Thumb Code     0  startup_stm32f407xx.o(.text)
    PVD_IRQHandler                           0x080002a3   Thumb Code     0  startup_stm32f407xx.o(.text)
    RCC_IRQHandler                           0x080002a3   Thumb Code     0  startup_stm32f407xx.o(.text)
    RTC_Alarm_IRQHandler                     0x080002a3   Thumb Code     0  startup_stm32f407xx.o(.text)
    RTC_WKUP_IRQHandler                      0x080002a3   Thumb Code     0  startup_stm32f407xx.o(.text)
    SDIO_IRQHandler                          0x080002a3   Thumb Code     0  startup_stm32f407xx.o(.text)
    SPI1_IRQHandler                          0x080002a3   Thumb Code     0  startup_stm32f407xx.o(.text)
    SPI2_IRQHandler                          0x080002a3   Thumb Code     0  startup_stm32f407xx.o(.text)
    SPI3_IRQHandler                          0x080002a3   Thumb Code     0  startup_stm32f407xx.o(.text)
    TAMP_STAMP_IRQHandler                    0x080002a3   Thumb Code     0  startup_stm32f407xx.o(.text)
    TIM1_BRK_TIM9_IRQHandler                 0x080002a3   Thumb Code     0  startup_stm32f407xx.o(.text)
    TIM1_CC_IRQHandler                       0x080002a3   Thumb Code     0  startup_stm32f407xx.o(.text)
    TIM1_TRG_COM_TIM11_IRQHandler            0x080002a3   Thumb Code     0  startup_stm32f407xx.o(.text)
    TIM1_UP_TIM10_IRQHandler                 0x080002a3   Thumb Code     0  startup_stm32f407xx.o(.text)
    TIM2_IRQHandler                          0x080002a3   Thumb Code     0  startup_stm32f407xx.o(.text)
    TIM3_IRQHandler                          0x080002a3   Thumb Code     0  startup_stm32f407xx.o(.text)
    TIM5_IRQHandler                          0x080002a3   Thumb Code     0  startup_stm32f407xx.o(.text)
    TIM6_DAC_IRQHandler                      0x080002a3   Thumb Code     0  startup_stm32f407xx.o(.text)
    TIM7_IRQHandler                          0x080002a3   Thumb Code     0  startup_stm32f407xx.o(.text)
    TIM8_BRK_TIM12_IRQHandler                0x080002a3   Thumb Code     0  startup_stm32f407xx.o(.text)
    TIM8_CC_IRQHandler                       0x080002a3   Thumb Code     0  startup_stm32f407xx.o(.text)
    TIM8_TRG_COM_TIM14_IRQHandler            0x080002a3   Thumb Code     0  startup_stm32f407xx.o(.text)
    TIM8_UP_TIM13_IRQHandler                 0x080002a3   Thumb Code     0  startup_stm32f407xx.o(.text)
    UART4_IRQHandler                         0x080002a3   Thumb Code     0  startup_stm32f407xx.o(.text)
    UART5_IRQHandler                         0x080002a3   Thumb Code     0  startup_stm32f407xx.o(.text)
    USART2_IRQHandler                        0x080002a3   Thumb Code     0  startup_stm32f407xx.o(.text)
    USART3_IRQHandler                        0x080002a3   Thumb Code     0  startup_stm32f407xx.o(.text)
    USART6_IRQHandler                        0x080002a3   Thumb Code     0  startup_stm32f407xx.o(.text)
    WWDG_IRQHandler                          0x080002a3   Thumb Code     0  startup_stm32f407xx.o(.text)
    __user_initial_stackheap                 0x080002a5   Thumb Code     0  startup_stm32f407xx.o(.text)
    __use_no_semihosting                     0x080002c9   Thumb Code     2  use_no_semi_2.o(.text)
    __aeabi_uldivmod                         0x080002cb   Thumb Code     0  lludivv7m.o(.text)
    _ll_udiv                                 0x080002cb   Thumb Code   238  lludivv7m.o(.text)
    __2printf                                0x080003b9   Thumb Code    20  noretval__2printf.o(.text)
    _printf_pre_padding                      0x080003d1   Thumb Code    44  _printf_pad.o(.text)
    _printf_post_padding                     0x080003fd   Thumb Code    34  _printf_pad.o(.text)
    _printf_str                              0x0800041f   Thumb Code    82  _printf_str.o(.text)
    _printf_int_dec                          0x08000471   Thumb Code   104  _printf_dec.o(.text)
    _printf_int_hex                          0x080004e9   Thumb Code    84  _printf_hex_int.o(.text)
    _printf_longlong_hex                     0x080004e9   Thumb Code     0  _printf_hex_int.o(.text)
    __printf                                 0x08000541   Thumb Code   388  __printf_flags_ss_wp.o(.text)
    strcmp                                   0x080006c9   Thumb Code   128  strcmpv7m.o(.text)
    __use_two_region_memory                  0x08000749   Thumb Code     2  heapauxi.o(.text)
    __rt_heap_escrow$2region                 0x0800074b   Thumb Code     2  heapauxi.o(.text)
    __rt_heap_expand$2region                 0x0800074d   Thumb Code     2  heapauxi.o(.text)
    __I$use$semihosting                      0x0800074f   Thumb Code     0  use_no_semi.o(.text)
    __use_no_semihosting_swi                 0x0800074f   Thumb Code     2  use_no_semi.o(.text)
    __read_errno                             0x08000751   Thumb Code    10  _rserrno.o(.text)
    __set_errno                              0x0800075b   Thumb Code    12  _rserrno.o(.text)
    _printf_int_common                       0x08000767   Thumb Code   178  _printf_intcommon.o(.text)
    _printf_cs_common                        0x08000819   Thumb Code    20  _printf_char.o(.text)
    _printf_char                             0x0800082d   Thumb Code    16  _printf_char.o(.text)
    _printf_string                           0x0800083d   Thumb Code     8  _printf_char.o(.text)
    _printf_char_file                        0x08000845   Thumb Code    32  _printf_char_file.o(.text)
    __aeabi_errno_addr                       0x08000869   Thumb Code     8  rt_errno_addr_intlibspace.o(.text)
    __errno$intlibspace                      0x08000869   Thumb Code     0  rt_errno_addr_intlibspace.o(.text)
    __rt_errno_addr$intlibspace              0x08000869   Thumb Code     0  rt_errno_addr_intlibspace.o(.text)
    _printf_char_common                      0x0800087b   Thumb Code    32  _printf_char_common.o(.text)
    ferror                                   0x080008a1   Thumb Code     8  ferror.o(.text)
    __user_libspace                          0x080008a9   Thumb Code     8  libspace.o(.text)
    __user_perproc_libspace                  0x080008a9   Thumb Code     0  libspace.o(.text)
    __user_perthread_libspace                0x080008a9   Thumb Code     0  libspace.o(.text)
    __user_setup_stackheap                   0x080008b1   Thumb Code    74  sys_stackheap_outer.o(.text)
    exit                                     0x080008fb   Thumb Code    18  exit.o(.text)
    AT24CXX_Init                             0x0800090d   Thumb Code     8  24cxx.o(i.AT24CXX_Init)
    AT24CXX_ReadLenByte                      0x08000915   Thumb Code    44  24cxx.o(i.AT24CXX_ReadLenByte)
    AT24CXX_ReadOneByte                      0x08000941   Thumb Code    88  24cxx.o(i.AT24CXX_ReadOneByte)
    AT24CXX_WriteLenByte                     0x08000999   Thumb Code    42  24cxx.o(i.AT24CXX_WriteLenByte)
    AT24CXX_WriteOneByte                     0x080009c3   Thumb Code    80  24cxx.o(i.AT24CXX_WriteOneByte)
    BusFault_Handler                         0x08000a13   Thumb Code     4  stm32f4xx_it.o(i.BusFault_Handler)
    CT_Delay                                 0x08000a17   Thumb Code    10  ctiic.o(i.CT_Delay)
    CT_IIC_Ack                               0x08000a21   Thumb Code    48  ctiic.o(i.CT_IIC_Ack)
    CT_IIC_Init                              0x08000a61   Thumb Code   120  ctiic.o(i.CT_IIC_Init)
    CT_IIC_NAck                              0x08000aed   Thumb Code    36  ctiic.o(i.CT_IIC_NAck)
    CT_IIC_Read_Byte                         0x08000b1d   Thumb Code    70  ctiic.o(i.CT_IIC_Read_Byte)
    CT_IIC_Send_Byte                         0x08000b6d   Thumb Code    56  ctiic.o(i.CT_IIC_Send_Byte)
    CT_IIC_Start                             0x08000bb1   Thumb Code    42  ctiic.o(i.CT_IIC_Start)
    CT_IIC_Stop                              0x08000be5   Thumb Code    36  ctiic.o(i.CT_IIC_Stop)
    CT_IIC_Wait_Ack                          0x08000c11   Thumb Code    76  ctiic.o(i.CT_IIC_Wait_Ack)
    DebugMon_Handler                         0x08000c69   Thumb Code     2  stm32f4xx_it.o(i.DebugMon_Handler)
    FSMC_NORSRAM_Extended_Timing_Init        0x08000c6d   Thumb Code    66  stm32f4xx_ll_fsmc.o(i.FSMC_NORSRAM_Extended_Timing_Init)
    FSMC_NORSRAM_Init                        0x08000cb5   Thumb Code    88  stm32f4xx_ll_fsmc.o(i.FSMC_NORSRAM_Init)
    FSMC_NORSRAM_Timing_Init                 0x08000d11   Thumb Code    68  stm32f4xx_ll_fsmc.o(i.FSMC_NORSRAM_Timing_Init)
    FT5206_Init                              0x08000d55   Thumb Code   332  ft5206.o(i.FT5206_Init)
    FT5206_RD_Reg                            0x08000ed1   Thumb Code    88  ft5206.o(i.FT5206_RD_Reg)
    FT5206_Scan                              0x08000f29   Thumb Code   856  ft5206.o(i.FT5206_Scan)
    FT5206_WR_Reg                            0x080012a1   Thumb Code    82  ft5206.o(i.FT5206_WR_Reg)
    GT9147_Init                              0x080012f5   Thumb Code   292  gt9147.o(i.GT9147_Init)
    GT9147_RD_Reg                            0x08001455   Thumb Code    98  gt9147.o(i.GT9147_RD_Reg)
    GT9147_Scan                              0x080014b9   Thumb Code   470  gt9147.o(i.GT9147_Scan)
    GT9147_Send_Cfg                          0x080016a1   Thumb Code    86  gt9147.o(i.GT9147_Send_Cfg)
    GT9147_WR_Reg                            0x080016fd   Thumb Code    92  gt9147.o(i.GT9147_WR_Reg)
    HAL_DMA_Abort_IT                         0x08001759   Thumb Code    40  stm32f4xx_hal_dma.o(i.HAL_DMA_Abort_IT)
    HAL_GPIO_Init                            0x08001781   Thumb Code   466  stm32f4xx_hal_gpio.o(i.HAL_GPIO_Init)
    HAL_GPIO_ReadPin                         0x08001981   Thumb Code    16  stm32f4xx_hal_gpio.o(i.HAL_GPIO_ReadPin)
    HAL_GPIO_WritePin                        0x08001991   Thumb Code    12  stm32f4xx_hal_gpio.o(i.HAL_GPIO_WritePin)
    HAL_GetREVID                             0x0800199d   Thumb Code     8  stm32f4xx_hal.o(i.HAL_GetREVID)
    HAL_GetTick                              0x080019a9   Thumb Code     6  stm32f4xx_hal.o(i.HAL_GetTick)
    HAL_IncTick                              0x080019b5   Thumb Code    16  stm32f4xx_hal.o(i.HAL_IncTick)
    HAL_Init                                 0x080019cd   Thumb Code    44  stm32f4xx_hal.o(i.HAL_Init)
    HAL_InitTick                             0x080019fd   Thumb Code    64  stm32f4xx_hal.o(i.HAL_InitTick)
    HAL_MspInit                              0x08001a49   Thumb Code     2  stm32f4xx_hal_msp.o(i.HAL_MspInit)
    HAL_NVIC_EnableIRQ                       0x08001a4b   Thumb Code    32  stm32f4xx_hal_cortex.o(i.HAL_NVIC_EnableIRQ)
    HAL_NVIC_SetPriority                     0x08001a6b   Thumb Code   124  stm32f4xx_hal_cortex.o(i.HAL_NVIC_SetPriority)
    HAL_NVIC_SetPriorityGrouping             0x08001ae9   Thumb Code    32  stm32f4xx_hal_cortex.o(i.HAL_NVIC_SetPriorityGrouping)
    HAL_RCC_ClockConfig                      0x08001b11   Thumb Code   366  stm32f4xx_hal_rcc.o(i.HAL_RCC_ClockConfig)
    HAL_RCC_GetHCLKFreq                      0x08001c91   Thumb Code     6  stm32f4xx_hal_rcc.o(i.HAL_RCC_GetHCLKFreq)
    HAL_RCC_GetPCLK1Freq                     0x08001c9d   Thumb Code    22  stm32f4xx_hal_rcc.o(i.HAL_RCC_GetPCLK1Freq)
    HAL_RCC_GetPCLK2Freq                     0x08001cbd   Thumb Code    22  stm32f4xx_hal_rcc.o(i.HAL_RCC_GetPCLK2Freq)
    HAL_RCC_GetSysClockFreq                  0x08001cdd   Thumb Code   162  stm32f4xx_hal_rcc.o(i.HAL_RCC_GetSysClockFreq)
    HAL_RCC_OscConfig                        0x08001d8d   Thumb Code  1086  stm32f4xx_hal_rcc.o(i.HAL_RCC_OscConfig)
    HAL_SRAM_Init                            0x080021d5   Thumb Code    88  stm32f4xx_hal_sram.o(i.HAL_SRAM_Init)
    HAL_SRAM_MspInit                         0x0800222d   Thumb Code   240  lcd.o(i.HAL_SRAM_MspInit)
    HAL_SYSTICK_CLKSourceConfig              0x08002331   Thumb Code    40  stm32f4xx_hal_cortex.o(i.HAL_SYSTICK_CLKSourceConfig)
    HAL_SYSTICK_Config                       0x08002359   Thumb Code    52  stm32f4xx_hal_cortex.o(i.HAL_SYSTICK_Config)
    HAL_TIM_Base_Init                        0x0800238d   Thumb Code    52  stm32f4xx_hal_tim.o(i.HAL_TIM_Base_Init)
    HAL_TIM_Base_MspInit                     0x080023c1   Thumb Code     2  stm32f4xx_hal_tim.o(i.HAL_TIM_Base_MspInit)
    HAL_TIM_Base_Start_IT                    0x080023c3   Thumb Code    42  stm32f4xx_hal_tim.o(i.HAL_TIM_Base_Start_IT)
    HAL_UART_ErrorCallback                   0x080023ed   Thumb Code     2  stm32f4xx_hal_uart.o(i.HAL_UART_ErrorCallback)
    HAL_UART_GetState                        0x080023ef   Thumb Code    20  stm32f4xx_hal_uart.o(i.HAL_UART_GetState)
    HAL_UART_IRQHandler                      0x08002405   Thumb Code   328  stm32f4xx_hal_uart.o(i.HAL_UART_IRQHandler)
    HAL_UART_Init                            0x08002551   Thumb Code   114  stm32f4xx_hal_uart.o(i.HAL_UART_Init)
    HAL_UART_MspInit                         0x080025c5   Thumb Code   144  usart.o(i.HAL_UART_MspInit)
    HAL_UART_Receive_IT                      0x08002661   Thumb Code   112  stm32f4xx_hal_uart.o(i.HAL_UART_Receive_IT)
    HAL_UART_RxCpltCallback                  0x080026d1   Thumb Code   120  usart.o(i.HAL_UART_RxCpltCallback)
    HAL_UART_TxCpltCallback                  0x08002759   Thumb Code     2  stm32f4xx_hal_uart.o(i.HAL_UART_TxCpltCallback)
    HardFault_Handler                        0x0800275b   Thumb Code     4  stm32f4xx_it.o(i.HardFault_Handler)
    IIC_Ack                                  0x08002761   Thumb Code    66  myiic.o(i.IIC_Ack)
    IIC_Init                                 0x080027b1   Thumb Code    76  myiic.o(i.IIC_Init)
    IIC_NAck                                 0x0800280d   Thumb Code    66  myiic.o(i.IIC_NAck)
    IIC_Read_Byte                            0x0800285d   Thumb Code    94  myiic.o(i.IIC_Read_Byte)
    IIC_Send_Byte                            0x080028c9   Thumb Code    90  myiic.o(i.IIC_Send_Byte)
    IIC_Start                                0x08002931   Thumb Code    64  myiic.o(i.IIC_Start)
    IIC_Stop                                 0x0800297d   Thumb Code    62  myiic.o(i.IIC_Stop)
    IIC_Wait_Ack                             0x080029c9   Thumb Code    82  myiic.o(i.IIC_Wait_Ack)
    KEY_Init                                 0x08002a29   Thumb Code   118  key.o(i.KEY_Init)
    KEY_Scan                                 0x08002aad   Thumb Code   188  key.o(i.KEY_Scan)
    LCD_Clear                                0x08002b75   Thumb Code    42  lcd.o(i.LCD_Clear)
    LCD_Display_Dir                          0x08002ba9   Thumb Code   298  lcd.o(i.LCD_Display_Dir)
    LCD_DrawLine                             0x08002cd9   Thumb Code   176  lcd.o(i.LCD_DrawLine)
    LCD_DrawPoint                            0x08002d89   Thumb Code    28  lcd.o(i.LCD_DrawPoint)
    LCD_Draw_Circle                          0x08002dad   Thumb Code   152  lcd.o(i.LCD_Draw_Circle)
    LCD_Fast_DrawPoint                       0x08002e45   Thumb Code   236  lcd.o(i.LCD_Fast_DrawPoint)
    LCD_Fill                                 0x08002f39   Thumb Code    80  lcd.o(i.LCD_Fill)
    LCD_Init                                 0x08002f8d   Thumb Code  9944  lcd.o(i.LCD_Init)
    LCD_Pow                                  0x08005671   Thumb Code    22  lcd.o(i.LCD_Pow)
    LCD_RD_DATA                              0x08005689   Thumb Code    14  lcd.o(i.LCD_RD_DATA)
    LCD_SSD_BackLightSet                     0x0800569d   Thumb Code    88  lcd.o(i.LCD_SSD_BackLightSet)
    LCD_Scan_Dir                             0x080056fd   Thumb Code   560  lcd.o(i.LCD_Scan_Dir)
    LCD_SetCursor                            0x08005931   Thumb Code   282  lcd.o(i.LCD_SetCursor)
    LCD_ShowChar                             0x08005a51   Thumb Code   288  lcd.o(i.LCD_ShowChar)
    LCD_ShowNum                              0x08005b8d   Thumb Code   148  lcd.o(i.LCD_ShowNum)
    LCD_ShowString                           0x08005c21   Thumb Code   102  lcd.o(i.LCD_ShowString)
    LCD_WR_DATA                              0x08005c89   Thumb Code    18  lcd.o(i.LCD_WR_DATA)
    LCD_WR_REG                               0x08005ca1   Thumb Code    18  lcd.o(i.LCD_WR_REG)
    LCD_WriteRAM_Prepare                     0x08005cb9   Thumb Code    10  lcd.o(i.LCD_WriteRAM_Prepare)
    LCD_WriteReg                             0x08005ccd   Thumb Code    14  lcd.o(i.LCD_WriteReg)
    LED_Init                                 0x08005ce1   Thumb Code    84  led.o(i.LED_Init)
    Load_Drow_Dialog                         0x08005d3d   Thumb Code    52  main.o(i.Load_Drow_Dialog)
    MemManage_Handler                        0x08005d7d   Thumb Code     4  stm32f4xx_it.o(i.MemManage_Handler)
    NMI_Handler                              0x08005d81   Thumb Code     2  stm32f4xx_it.o(i.NMI_Handler)
    OTT2001A_Init                            0x08005d85   Thumb Code   186  ott2001a.o(i.OTT2001A_Init)
    OTT2001A_RD_Reg                          0x08005e61   Thumb Code    98  ott2001a.o(i.OTT2001A_RD_Reg)
    OTT2001A_Scan                            0x08005ec5   Thumb Code   478  ott2001a.o(i.OTT2001A_Scan)
    OTT2001A_SensorControl                   0x080060c9   Thumb Code    28  ott2001a.o(i.OTT2001A_SensorControl)
    OTT2001A_WR_Reg                          0x080060e5   Thumb Code    92  ott2001a.o(i.OTT2001A_WR_Reg)
    PendSV_Handler                           0x08006141   Thumb Code     2  stm32f4xx_it.o(i.PendSV_Handler)
    SVC_Handler                              0x08006143   Thumb Code     2  stm32f4xx_it.o(i.SVC_Handler)
    Stm32_Clock_Init                         0x08006145   Thumb Code   190  sys.o(i.Stm32_Clock_Init)
    SysTick_Handler                          0x08006211   Thumb Code     8  stm32f4xx_it.o(i.SysTick_Handler)
    SystemInit                               0x08006219   Thumb Code    82  system_stm32f4xx.o(i.SystemInit)
    TIM4_IRQHandler                          0x0800627d   Thumb Code    58  usmart.o(i.TIM4_IRQHandler)
    TIM_Base_SetConfig                       0x080062c1   Thumb Code   170  stm32f4xx_hal_tim.o(i.TIM_Base_SetConfig)
    TP_Adj_Info_Show                         0x08006399   Thumb Code   374  touch.o(i.TP_Adj_Info_Show)
    TP_Adjust                                0x08006541   Thumb Code  2304  touch.o(i.TP_Adjust)
    TP_Draw_Big_Point                        0x08006e41   Thumb Code    54  touch.o(i.TP_Draw_Big_Point)
    TP_Drow_Touch_Point                      0x08006e7d   Thumb Code   108  touch.o(i.TP_Drow_Touch_Point)
    TP_Get_Adjdata                           0x08006eed   Thumb Code   160  touch.o(i.TP_Get_Adjdata)
    TP_Init                                  0x08006f9d   Thumb Code   354  touch.o(i.TP_Init)
    TP_Read_AD                               0x08007125   Thumb Code   132  touch.o(i.TP_Read_AD)
    TP_Read_XOY                              0x080071b9   Thumb Code   120  touch.o(i.TP_Read_XOY)
    TP_Read_XY                               0x08007231   Thumb Code    38  touch.o(i.TP_Read_XY)
    TP_Read_XY2                              0x08007261   Thumb Code   192  touch.o(i.TP_Read_XY2)
    TP_Save_Adjdata                          0x08007321   Thumb Code   118  touch.o(i.TP_Save_Adjdata)
    TP_Scan                                  0x080073a1   Thumb Code   242  touch.o(i.TP_Scan)
    TP_Write_Byte                            0x0800749d   Thumb Code    64  touch.o(i.TP_Write_Byte)
    Timer4_Init                              0x080074e9   Thumb Code    84  usmart.o(i.Timer4_Init)
    USART1_IRQHandler                        0x08007a15   Thumb Code    56  usart.o(i.USART1_IRQHandler)
    UsageFault_Handler                       0x08007a55   Thumb Code     4  stm32f4xx_it.o(i.UsageFault_Handler)
    __hardfp_sqrt                            0x08007a91   Thumb Code   122  sqrt.o(i.__hardfp_sqrt)
    _is_digit                                0x08007b0b   Thumb Code    14  __printf_wp.o(i._is_digit)
    _sys_exit                                0x08007b19   Thumb Code     4  usart.o(i._sys_exit)
    ctp_test                                 0x08007b1d   Thumb Code   276  main.o(i.ctp_test)
    delay_init                               0x08007c41   Thumb Code    16  delay.o(i.delay_init)
    delay_ms                                 0x08007c55   Thumb Code    24  delay.o(i.delay_ms)
    delay_us                                 0x08007c6d   Thumb Code    68  delay.o(i.delay_us)
    fputc                                    0x08007cb5   Thumb Code    22  usart.o(i.fputc)
    gui_draw_hline                           0x08007cd1   Thumb Code    36  main.o(i.gui_draw_hline)
    gui_fill_circle                          0x08007cf5   Thumb Code   176  main.o(i.gui_fill_circle)
    lcd_draw_bline                           0x08007da5   Thumb Code   212  main.o(i.lcd_draw_bline)
    main                                     0x08007e79   Thumb Code   210  main.o(i.main)
    read_addr                                0x08007fad   Thumb Code     6  usmart.o(i.read_addr)
    rtp_test                                 0x08007fb5   Thumb Code   164  main.o(i.rtp_test)
    uart_init                                0x08008065   Thumb Code    44  usart.o(i.uart_init)
    usmart_cmd_rec                           0x0800809d   Thumb Code   170  usmart.o(i.usmart_cmd_rec)
    usmart_exe                               0x0800814d   Thumb Code   632  usmart.o(i.usmart_exe)
    usmart_get_aparm                         0x08008421   Thumb Code   212  usmart_str.o(i.usmart_get_aparm)
    usmart_get_cmdname                       0x080084f5   Thumb Code    54  usmart_str.o(i.usmart_get_cmdname)
    usmart_get_fname                         0x0800852d   Thumb Code   440  usmart_str.o(i.usmart_get_fname)
    usmart_get_fparam                        0x080086ed   Thumb Code   262  usmart_str.o(i.usmart_get_fparam)
    usmart_get_parmpos                       0x080087f9   Thumb Code    26  usmart_str.o(i.usmart_get_parmpos)
    usmart_get_runtime                       0x08008819   Thumb Code    58  usmart.o(i.usmart_get_runtime)
    usmart_init                              0x0800885d   Thumb Code    36  usmart.o(i.usmart_init)
    usmart_pow                               0x08008885   Thumb Code    22  usmart_str.o(i.usmart_pow)
    usmart_reset_runtime                     0x0800889d   Thumb Code    44  usmart.o(i.usmart_reset_runtime)
    usmart_scan                              0x080088d1   Thumb Code   120  usmart.o(i.usmart_scan)
    usmart_search_nextc                      0x0800898d   Thumb Code    22  usmart_str.o(i.usmart_search_nextc)
    usmart_str2num                           0x080089a3   Thumb Code   262  usmart_str.o(i.usmart_str2num)
    usmart_strcmp                            0x08008aa9   Thumb Code    34  usmart_str.o(i.usmart_strcmp)
    usmart_strcopy                           0x08008acb   Thumb Code    22  usmart_str.o(i.usmart_strcopy)
    usmart_strlen                            0x08008ae1   Thumb Code    24  usmart_str.o(i.usmart_strlen)
    usmart_sys_cmd_exe                       0x08008af9   Thumb Code  1570  usmart.o(i.usmart_sys_cmd_exe)
    write_addr                               0x080091ed   Thumb Code     4  usmart.o(i.write_addr)
    __aeabi_dadd                             0x080091f1   Thumb Code     0  daddsub_clz.o(x$fpl$dadd)
    _dadd                                    0x080091f1   Thumb Code   332  daddsub_clz.o(x$fpl$dadd)
    __fpl_dcmp_Inf                           0x08009341   Thumb Code    24  dcmpi.o(x$fpl$dcmpinf)
    __aeabi_d2uiz                            0x08009359   Thumb Code     0  dfixu.o(x$fpl$dfixu)
    _dfixu                                   0x08009359   Thumb Code    90  dfixu.o(x$fpl$dfixu)
    __aeabi_i2d                              0x080093b3   Thumb Code     0  dflt_clz.o(x$fpl$dflt)
    _dflt                                    0x080093b3   Thumb Code    46  dflt_clz.o(x$fpl$dflt)
    __aeabi_ui2d                             0x080093e1   Thumb Code     0  dflt_clz.o(x$fpl$dfltu)
    _dfltu                                   0x080093e1   Thumb Code    38  dflt_clz.o(x$fpl$dfltu)
    __aeabi_cdcmple                          0x08009409   Thumb Code     0  dleqf.o(x$fpl$dleqf)
    _dcmple                                  0x08009409   Thumb Code   120  dleqf.o(x$fpl$dleqf)
    __fpl_dcmple_InfNaN                      0x0800946b   Thumb Code     0  dleqf.o(x$fpl$dleqf)
    __aeabi_dmul                             0x08009481   Thumb Code     0  dmul.o(x$fpl$dmul)
    _dmul                                    0x08009481   Thumb Code   332  dmul.o(x$fpl$dmul)
    __fpl_dnaninf                            0x080095d5   Thumb Code   156  dnaninf.o(x$fpl$dnaninf)
    __fpl_dretinf                            0x08009671   Thumb Code    12  dretinf.o(x$fpl$dretinf)
    __aeabi_cdrcmple                         0x0800967d   Thumb Code     0  drleqf.o(x$fpl$drleqf)
    _drcmple                                 0x0800967d   Thumb Code   108  drleqf.o(x$fpl$drleqf)
    __aeabi_drsub                            0x080096e9   Thumb Code     0  daddsub_clz.o(x$fpl$drsb)
    _drsb                                    0x080096e9   Thumb Code    22  daddsub_clz.o(x$fpl$drsb)
    _dsqrt                                   0x08009701   Thumb Code   404  dsqrt_umaal.o(x$fpl$dsqrt)
    __aeabi_dsub                             0x08009899   Thumb Code     0  daddsub_clz.o(x$fpl$dsub)
    _dsub                                    0x08009899   Thumb Code   464  daddsub_clz.o(x$fpl$dsub)
    __aeabi_f2d                              0x08009a6d   Thumb Code     0  f2d.o(x$fpl$f2d)
    _f2d                                     0x08009a6d   Thumb Code    86  f2d.o(x$fpl$f2d)
    __fpl_fnaninf                            0x08009ac3   Thumb Code   140  fnaninf.o(x$fpl$fnaninf)
    _fp_init                                 0x08009b4f   Thumb Code    10  fpinit.o(x$fpl$fpinit)
    __fplib_config_fpu_vfp                   0x08009b57   Thumb Code     0  fpinit.o(x$fpl$fpinit)
    __fplib_config_pureend_doubles           0x08009b57   Thumb Code     0  fpinit.o(x$fpl$fpinit)
    POINT_COLOR_TBL                          0x08009b58   Data          10  main.o(.constdata)
    __I$use$fp                               0x08009b58   Number         0  usenofp.o(x$fpl$usenofp)
    AHBPrescTable                            0x08009b62   Data          16  system_stm32f4xx.o(.constdata)
    APBPrescTable                            0x08009b72   Data           8  system_stm32f4xx.o(.constdata)
    asc2_1206                                0x08009b7a   Data        1140  lcd.o(.constdata)
    asc2_1608                                0x08009fee   Data        1520  lcd.o(.constdata)
    asc2_2412                                0x0800a5de   Data        3420  lcd.o(.constdata)
    asc2_3216                                0x0800b33a   Data       12160  lcd.o(.constdata)
    FT5206_TPX_TBL                           0x0800e2ba   Data          10  ft5206.o(.constdata)
    GT911_TPX_TBL                            0x0800e2c4   Data          10  ft5206.o(.constdata)
    GT9147_CFG_TBL                           0x0800e2ce   Data         184  gt9147.o(.constdata)
    GT9147_TPX_TBL                           0x0800e386   Data          10  gt9147.o(.constdata)
    OTT_TPX_TBL                              0x0800e390   Data          10  ott2001a.o(.constdata)
    TP_REMIND_MSG_TBL                        0x0800e39c   Data           4  touch.o(.constdata)
    Region$$Table$$Base                      0x0800e4ec   Number         0  anon$$obj.o(Region$$Table)
    Region$$Table$$Limit                     0x0800e50c   Number         0  anon$$obj.o(Region$$Table)
    SystemCoreClock                          0x20000000   Data           4  system_stm32f4xx.o(.data)
    uwTick                                   0x20000004   Data           4  stm32f4xx_hal.o(.data)
    uwTickPrio                               0x20000008   Data           4  stm32f4xx_hal.o(.data)
    uwTickFreq                               0x2000000c   Data           1  stm32f4xx_hal.o(.data)
    __stdout                                 0x20000014   Data           4  usart.o(.data)
    USART_RX_STA                             0x20000018   Data           2  usart.o(.data)
    aRxBuffer                                0x2000001a   Data           1  usart.o(.data)
    POINT_COLOR                              0x2000001c   Data           4  lcd.o(.data)
    BACK_COLOR                               0x20000020   Data           4  lcd.o(.data)
    CIP                                      0x20000025   Data           5  ft5206.o(.data)
    g_gt_tnum                                0x2000002a   Data           1  ft5206.o(.data)
    tp_dev                                   0x20000030   Data          52  touch.o(.data)
    CMD_RDX                                  0x20000064   Data           1  touch.o(.data)
    CMD_RDY                                  0x20000065   Data           1  touch.o(.data)
    sys_cmd_tab                              0x20000068   Data          28  usmart.o(.data)
    usmart_nametab                           0x20000084   Data          32  usmart_config.o(.data)
    usmart_dev                               0x200000a4   Data         244  usmart_config.o(.data)
    USART_RX_BUF                             0x20000198   Data         200  usart.o(.bss)
    UART1_Handler                            0x20000260   Data          64  usart.o(.bss)
    TFTSRAM_Handler                          0x200002a0   Data          80  lcd.o(.bss)
    lcddev                                   0x200002f0   Data          14  lcd.o(.bss)
    TIM4_Handler                             0x20000300   Data          64  usmart.o(.bss)
    __libspace_start                         0x20000340   Data          96  libspace.o(.bss)
    __temporary_stack_top$libspace           0x200003a0   Data           0  libspace.o(.bss)



==============================================================================

Memory Map of the image

  Image Entry point : 0x08000189

  Load Region LR_IROM1 (Base: 0x08000000, Size: 0x0000e6a4, Max: 0x00100000, ABSOLUTE, COMPRESSED[0x0000e578])

    Execution Region ER_IROM1 (Exec base: 0x08000000, Load base: 0x08000000, Size: 0x0000e50c, Max: 0x00100000, ABSOLUTE)

    Exec Addr    Load Addr    Size         Type   Attr      Idx    E Section Name        Object

    0x08000000   0x08000000   0x00000188   Data   RO          549    RESET               startup_stm32f407xx.o
    0x08000188   0x08000188   0x00000008   Code   RO         5192  * !!!main             c_w.l(__main.o)
    0x08000190   0x08000190   0x00000034   Code   RO         5430    !!!scatter          c_w.l(__scatter.o)
    0x080001c4   0x080001c4   0x0000005a   Code   RO         5428    !!dczerorl2         c_w.l(__dczerorl2.o)
    0x0800021e   0x0800021e   0x00000002   PAD
    0x08000220   0x08000220   0x0000001c   Code   RO         5432    !!handler_zi        c_w.l(__scatter_zi.o)
    0x0800023c   0x0800023c   0x00000000   Code   RO         5187    .ARM.Collect$$_printf_percent$$00000000  c_w.l(_printf_percent.o)
    0x0800023c   0x0800023c   0x00000006   Code   RO         5185    .ARM.Collect$$_printf_percent$$00000009  c_w.l(_printf_d.o)
    0x08000242   0x08000242   0x00000006   Code   RO         5186    .ARM.Collect$$_printf_percent$$0000000A  c_w.l(_printf_u.o)
    0x08000248   0x08000248   0x00000006   Code   RO         5184    .ARM.Collect$$_printf_percent$$0000000C  c_w.l(_printf_x.o)
    0x0800024e   0x0800024e   0x00000006   Code   RO         5182    .ARM.Collect$$_printf_percent$$00000013  c_w.l(_printf_c.o)
    0x08000254   0x08000254   0x00000006   Code   RO         5183    .ARM.Collect$$_printf_percent$$00000014  c_w.l(_printf_s.o)
    0x0800025a   0x0800025a   0x00000004   Code   RO         5245    .ARM.Collect$$_printf_percent$$00000017  c_w.l(_printf_percent_end.o)
    0x0800025e   0x0800025e   0x00000002   Code   RO         5303    .ARM.Collect$$libinit$$00000000  c_w.l(libinit.o)
    0x08000260   0x08000260   0x00000004   Code   RO         5312    .ARM.Collect$$libinit$$00000001  c_w.l(libinit2.o)
    0x08000264   0x08000264   0x00000000   Code   RO         5315    .ARM.Collect$$libinit$$00000004  c_w.l(libinit2.o)
    0x08000264   0x08000264   0x00000000   Code   RO         5318    .ARM.Collect$$libinit$$0000000A  c_w.l(libinit2.o)
    0x08000264   0x08000264   0x00000000   Code   RO         5320    .ARM.Collect$$libinit$$0000000C  c_w.l(libinit2.o)
    0x08000264   0x08000264   0x00000000   Code   RO         5322    .ARM.Collect$$libinit$$0000000E  c_w.l(libinit2.o)
    0x08000264   0x08000264   0x00000000   Code   RO         5325    .ARM.Collect$$libinit$$00000011  c_w.l(libinit2.o)
    0x08000264   0x08000264   0x00000000   Code   RO         5327    .ARM.Collect$$libinit$$00000013  c_w.l(libinit2.o)
    0x08000264   0x08000264   0x00000000   Code   RO         5329    .ARM.Collect$$libinit$$00000015  c_w.l(libinit2.o)
    0x08000264   0x08000264   0x00000000   Code   RO         5331    .ARM.Collect$$libinit$$00000017  c_w.l(libinit2.o)
    0x08000264   0x08000264   0x00000000   Code   RO         5333    .ARM.Collect$$libinit$$00000019  c_w.l(libinit2.o)
    0x08000264   0x08000264   0x00000000   Code   RO         5335    .ARM.Collect$$libinit$$0000001B  c_w.l(libinit2.o)
    0x08000264   0x08000264   0x00000000   Code   RO         5337    .ARM.Collect$$libinit$$0000001D  c_w.l(libinit2.o)
    0x08000264   0x08000264   0x00000000   Code   RO         5339    .ARM.Collect$$libinit$$0000001F  c_w.l(libinit2.o)
    0x08000264   0x08000264   0x00000000   Code   RO         5341    .ARM.Collect$$libinit$$00000021  c_w.l(libinit2.o)
    0x08000264   0x08000264   0x00000000   Code   RO         5343    .ARM.Collect$$libinit$$00000023  c_w.l(libinit2.o)
    0x08000264   0x08000264   0x00000000   Code   RO         5345    .ARM.Collect$$libinit$$00000025  c_w.l(libinit2.o)
    0x08000264   0x08000264   0x00000000   Code   RO         5349    .ARM.Collect$$libinit$$0000002C  c_w.l(libinit2.o)
    0x08000264   0x08000264   0x00000000   Code   RO         5351    .ARM.Collect$$libinit$$0000002E  c_w.l(libinit2.o)
    0x08000264   0x08000264   0x00000000   Code   RO         5353    .ARM.Collect$$libinit$$00000030  c_w.l(libinit2.o)
    0x08000264   0x08000264   0x00000000   Code   RO         5355    .ARM.Collect$$libinit$$00000032  c_w.l(libinit2.o)
    0x08000264   0x08000264   0x00000002   Code   RO         5356    .ARM.Collect$$libinit$$00000033  c_w.l(libinit2.o)
    0x08000266   0x08000266   0x00000002   Code   RO         5382    .ARM.Collect$$libshutdown$$00000000  c_w.l(libshutdown.o)
    0x08000268   0x08000268   0x00000000   Code   RO         5409    .ARM.Collect$$libshutdown$$00000002  c_w.l(libshutdown2.o)
    0x08000268   0x08000268   0x00000000   Code   RO         5411    .ARM.Collect$$libshutdown$$00000004  c_w.l(libshutdown2.o)
    0x08000268   0x08000268   0x00000000   Code   RO         5413    .ARM.Collect$$libshutdown$$00000006  c_w.l(libshutdown2.o)
    0x08000268   0x08000268   0x00000000   Code   RO         5416    .ARM.Collect$$libshutdown$$00000009  c_w.l(libshutdown2.o)
    0x08000268   0x08000268   0x00000000   Code   RO         5419    .ARM.Collect$$libshutdown$$0000000C  c_w.l(libshutdown2.o)
    0x08000268   0x08000268   0x00000000   Code   RO         5421    .ARM.Collect$$libshutdown$$0000000E  c_w.l(libshutdown2.o)
    0x08000268   0x08000268   0x00000000   Code   RO         5424    .ARM.Collect$$libshutdown$$00000011  c_w.l(libshutdown2.o)
    0x08000268   0x08000268   0x00000002   Code   RO         5425    .ARM.Collect$$libshutdown$$00000012  c_w.l(libshutdown2.o)
    0x0800026a   0x0800026a   0x00000000   Code   RO         5232    .ARM.Collect$$rtentry$$00000000  c_w.l(__rtentry.o)
    0x0800026a   0x0800026a   0x00000000   Code   RO         5258    .ARM.Collect$$rtentry$$00000002  c_w.l(__rtentry2.o)
    0x0800026a   0x0800026a   0x00000006   Code   RO         5270    .ARM.Collect$$rtentry$$00000004  c_w.l(__rtentry4.o)
    0x08000270   0x08000270   0x00000000   Code   RO         5260    .ARM.Collect$$rtentry$$00000009  c_w.l(__rtentry2.o)
    0x08000270   0x08000270   0x00000004   Code   RO         5261    .ARM.Collect$$rtentry$$0000000A  c_w.l(__rtentry2.o)
    0x08000274   0x08000274   0x00000000   Code   RO         5263    .ARM.Collect$$rtentry$$0000000C  c_w.l(__rtentry2.o)
    0x08000274   0x08000274   0x00000008   Code   RO         5264    .ARM.Collect$$rtentry$$0000000D  c_w.l(__rtentry2.o)
    0x0800027c   0x0800027c   0x00000002   Code   RO         5304    .ARM.Collect$$rtexit$$00000000  c_w.l(rtexit.o)
    0x0800027e   0x0800027e   0x00000000   Code   RO         5358    .ARM.Collect$$rtexit$$00000002  c_w.l(rtexit2.o)
    0x0800027e   0x0800027e   0x00000004   Code   RO         5359    .ARM.Collect$$rtexit$$00000003  c_w.l(rtexit2.o)
    0x08000282   0x08000282   0x00000006   Code   RO         5360    .ARM.Collect$$rtexit$$00000004  c_w.l(rtexit2.o)
    0x08000288   0x08000288   0x00000040   Code   RO          550    .text               startup_stm32f407xx.o
    0x080002c8   0x080002c8   0x00000002   Code   RO         5125    .text               c_w.l(use_no_semi_2.o)
    0x080002ca   0x080002ca   0x000000ee   Code   RO         5127    .text               c_w.l(lludivv7m.o)
    0x080003b8   0x080003b8   0x00000018   Code   RO         5131    .text               c_w.l(noretval__2printf.o)
    0x080003d0   0x080003d0   0x0000004e   Code   RO         5135    .text               c_w.l(_printf_pad.o)
    0x0800041e   0x0800041e   0x00000052   Code   RO         5137    .text               c_w.l(_printf_str.o)
    0x08000470   0x08000470   0x00000078   Code   RO         5139    .text               c_w.l(_printf_dec.o)
    0x080004e8   0x080004e8   0x00000058   Code   RO         5144    .text               c_w.l(_printf_hex_int.o)
    0x08000540   0x08000540   0x00000188   Code   RO         5179    .text               c_w.l(__printf_flags_ss_wp.o)
    0x080006c8   0x080006c8   0x00000080   Code   RO         5188    .text               c_w.l(strcmpv7m.o)
    0x08000748   0x08000748   0x00000006   Code   RO         5190    .text               c_w.l(heapauxi.o)
    0x0800074e   0x0800074e   0x00000002   Code   RO         5230    .text               c_w.l(use_no_semi.o)
    0x08000750   0x08000750   0x00000016   Code   RO         5237    .text               c_w.l(_rserrno.o)
    0x08000766   0x08000766   0x000000b2   Code   RO         5239    .text               c_w.l(_printf_intcommon.o)
    0x08000818   0x08000818   0x0000002c   Code   RO         5241    .text               c_w.l(_printf_char.o)
    0x08000844   0x08000844   0x00000024   Code   RO         5243    .text               c_w.l(_printf_char_file.o)
    0x08000868   0x08000868   0x00000008   Code   RO         5277    .text               c_w.l(rt_errno_addr_intlibspace.o)
    0x08000870   0x08000870   0x00000030   Code   RO         5279    .text               c_w.l(_printf_char_common.o)
    0x080008a0   0x080008a0   0x00000008   Code   RO         5281    .text               c_w.l(ferror.o)
    0x080008a8   0x080008a8   0x00000008   Code   RO         5285    .text               c_w.l(libspace.o)
    0x080008b0   0x080008b0   0x0000004a   Code   RO         5288    .text               c_w.l(sys_stackheap_outer.o)
    0x080008fa   0x080008fa   0x00000012   Code   RO         5292    .text               c_w.l(exit.o)
    0x0800090c   0x0800090c   0x00000008   Code   RO         4455    i.AT24CXX_Init      24cxx.o
    0x08000914   0x08000914   0x0000002c   Code   RO         4457    i.AT24CXX_ReadLenByte  24cxx.o
    0x08000940   0x08000940   0x00000058   Code   RO         4458    i.AT24CXX_ReadOneByte  24cxx.o
    0x08000998   0x08000998   0x0000002a   Code   RO         4460    i.AT24CXX_WriteLenByte  24cxx.o
    0x080009c2   0x080009c2   0x00000050   Code   RO         4461    i.AT24CXX_WriteOneByte  24cxx.o
    0x08000a12   0x08000a12   0x00000004   Code   RO          317    i.BusFault_Handler  stm32f4xx_it.o
    0x08000a16   0x08000a16   0x0000000a   Code   RO         4592    i.CT_Delay          ctiic.o
    0x08000a20   0x08000a20   0x00000040   Code   RO         4593    i.CT_IIC_Ack        ctiic.o
    0x08000a60   0x08000a60   0x0000008c   Code   RO         4594    i.CT_IIC_Init       ctiic.o
    0x08000aec   0x08000aec   0x00000030   Code   RO         4595    i.CT_IIC_NAck       ctiic.o
    0x08000b1c   0x08000b1c   0x00000050   Code   RO         4596    i.CT_IIC_Read_Byte  ctiic.o
    0x08000b6c   0x08000b6c   0x00000044   Code   RO         4597    i.CT_IIC_Send_Byte  ctiic.o
    0x08000bb0   0x08000bb0   0x00000034   Code   RO         4598    i.CT_IIC_Start      ctiic.o
    0x08000be4   0x08000be4   0x0000002c   Code   RO         4599    i.CT_IIC_Stop       ctiic.o
    0x08000c10   0x08000c10   0x00000058   Code   RO         4600    i.CT_IIC_Wait_Ack   ctiic.o
    0x08000c68   0x08000c68   0x00000002   Code   RO          318    i.DebugMon_Handler  stm32f4xx_it.o
    0x08000c6a   0x08000c6a   0x00000002   PAD
    0x08000c6c   0x08000c6c   0x00000048   Code   RO         3429    i.FSMC_NORSRAM_Extended_Timing_Init  stm32f4xx_ll_fsmc.o
    0x08000cb4   0x08000cb4   0x0000005c   Code   RO         3430    i.FSMC_NORSRAM_Init  stm32f4xx_ll_fsmc.o
    0x08000d10   0x08000d10   0x00000044   Code   RO         3431    i.FSMC_NORSRAM_Timing_Init  stm32f4xx_ll_fsmc.o
    0x08000d54   0x08000d54   0x0000017c   Code   RO         4667    i.FT5206_Init       ft5206.o
    0x08000ed0   0x08000ed0   0x00000058   Code   RO         4668    i.FT5206_RD_Reg     ft5206.o
    0x08000f28   0x08000f28   0x00000378   Code   RO         4669    i.FT5206_Scan       ft5206.o
    0x080012a0   0x080012a0   0x00000052   Code   RO         4670    i.FT5206_WR_Reg     ft5206.o
    0x080012f2   0x080012f2   0x00000002   PAD
    0x080012f4   0x080012f4   0x00000160   Code   RO         4716    i.GT9147_Init       gt9147.o
    0x08001454   0x08001454   0x00000062   Code   RO         4717    i.GT9147_RD_Reg     gt9147.o
    0x080014b6   0x080014b6   0x00000002   PAD
    0x080014b8   0x080014b8   0x000001e8   Code   RO         4718    i.GT9147_Scan       gt9147.o
    0x080016a0   0x080016a0   0x0000005c   Code   RO         4719    i.GT9147_Send_Cfg   gt9147.o
    0x080016fc   0x080016fc   0x0000005c   Code   RO         4720    i.GT9147_WR_Reg     gt9147.o
    0x08001758   0x08001758   0x00000028   Code   RO         1877    i.HAL_DMA_Abort_IT  stm32f4xx_hal_dma.o
    0x08001780   0x08001780   0x00000200   Code   RO          883    i.HAL_GPIO_Init     stm32f4xx_hal_gpio.o
    0x08001980   0x08001980   0x00000010   Code   RO          885    i.HAL_GPIO_ReadPin  stm32f4xx_hal_gpio.o
    0x08001990   0x08001990   0x0000000c   Code   RO          887    i.HAL_GPIO_WritePin  stm32f4xx_hal_gpio.o
    0x0800199c   0x0800199c   0x0000000c   Code   RO          569    i.HAL_GetREVID      stm32f4xx_hal.o
    0x080019a8   0x080019a8   0x0000000c   Code   RO          570    i.HAL_GetTick       stm32f4xx_hal.o
    0x080019b4   0x080019b4   0x00000018   Code   RO          576    i.HAL_IncTick       stm32f4xx_hal.o
    0x080019cc   0x080019cc   0x00000030   Code   RO          577    i.HAL_Init          stm32f4xx_hal.o
    0x080019fc   0x080019fc   0x0000004c   Code   RO          578    i.HAL_InitTick      stm32f4xx_hal.o
    0x08001a48   0x08001a48   0x00000002   Code   RO          521    i.HAL_MspInit       stm32f4xx_hal_msp.o
    0x08001a4a   0x08001a4a   0x00000020   Code   RO          745    i.HAL_NVIC_EnableIRQ  stm32f4xx_hal_cortex.o
    0x08001a6a   0x08001a6a   0x0000007c   Code   RO          751    i.HAL_NVIC_SetPriority  stm32f4xx_hal_cortex.o
    0x08001ae6   0x08001ae6   0x00000002   PAD
    0x08001ae8   0x08001ae8   0x00000028   Code   RO          752    i.HAL_NVIC_SetPriorityGrouping  stm32f4xx_hal_cortex.o
    0x08001b10   0x08001b10   0x00000180   Code   RO         1121    i.HAL_RCC_ClockConfig  stm32f4xx_hal_rcc.o
    0x08001c90   0x08001c90   0x0000000c   Code   RO         1126    i.HAL_RCC_GetHCLKFreq  stm32f4xx_hal_rcc.o
    0x08001c9c   0x08001c9c   0x00000020   Code   RO         1128    i.HAL_RCC_GetPCLK1Freq  stm32f4xx_hal_rcc.o
    0x08001cbc   0x08001cbc   0x00000020   Code   RO         1129    i.HAL_RCC_GetPCLK2Freq  stm32f4xx_hal_rcc.o
    0x08001cdc   0x08001cdc   0x000000b0   Code   RO         1130    i.HAL_RCC_GetSysClockFreq  stm32f4xx_hal_rcc.o
    0x08001d8c   0x08001d8c   0x00000448   Code   RO         1133    i.HAL_RCC_OscConfig  stm32f4xx_hal_rcc.o
    0x080021d4   0x080021d4   0x00000058   Code   RO         3305    i.HAL_SRAM_Init     stm32f4xx_hal_sram.o
    0x0800222c   0x0800222c   0x00000104   Code   RO         4202    i.HAL_SRAM_MspInit  lcd.o
    0x08002330   0x08002330   0x00000028   Code   RO          754    i.HAL_SYSTICK_CLKSourceConfig  stm32f4xx_hal_cortex.o
    0x08002358   0x08002358   0x00000034   Code   RO          756    i.HAL_SYSTICK_Config  stm32f4xx_hal_cortex.o
    0x0800238c   0x0800238c   0x00000034   Code   RO         2022    i.HAL_TIM_Base_Init  stm32f4xx_hal_tim.o
    0x080023c0   0x080023c0   0x00000002   Code   RO         2024    i.HAL_TIM_Base_MspInit  stm32f4xx_hal_tim.o
    0x080023c2   0x080023c2   0x0000002a   Code   RO         2027    i.HAL_TIM_Base_Start_IT  stm32f4xx_hal_tim.o
    0x080023ec   0x080023ec   0x00000002   Code   RO         1297    i.HAL_UART_ErrorCallback  stm32f4xx_hal_uart.o
    0x080023ee   0x080023ee   0x00000014   Code   RO         1299    i.HAL_UART_GetState  stm32f4xx_hal_uart.o
    0x08002402   0x08002402   0x00000002   PAD
    0x08002404   0x08002404   0x0000014c   Code   RO         1300    i.HAL_UART_IRQHandler  stm32f4xx_hal_uart.o
    0x08002550   0x08002550   0x00000072   Code   RO         1301    i.HAL_UART_Init     stm32f4xx_hal_uart.o
    0x080025c2   0x080025c2   0x00000002   PAD
    0x080025c4   0x080025c4   0x0000009c   Code   RO         4113    i.HAL_UART_MspInit  usart.o
    0x08002660   0x08002660   0x00000070   Code   RO         1306    i.HAL_UART_Receive_IT  stm32f4xx_hal_uart.o
    0x080026d0   0x080026d0   0x00000088   Code   RO         4114    i.HAL_UART_RxCpltCallback  usart.o
    0x08002758   0x08002758   0x00000002   Code   RO         1312    i.HAL_UART_TxCpltCallback  stm32f4xx_hal_uart.o
    0x0800275a   0x0800275a   0x00000004   Code   RO          319    i.HardFault_Handler  stm32f4xx_it.o
    0x0800275e   0x0800275e   0x00000002   PAD
    0x08002760   0x08002760   0x00000050   Code   RO         4526    i.IIC_Ack           myiic.o
    0x080027b0   0x080027b0   0x0000005c   Code   RO         4527    i.IIC_Init          myiic.o
    0x0800280c   0x0800280c   0x00000050   Code   RO         4528    i.IIC_NAck          myiic.o
    0x0800285c   0x0800285c   0x0000006c   Code   RO         4529    i.IIC_Read_Byte     myiic.o
    0x080028c8   0x080028c8   0x00000068   Code   RO         4530    i.IIC_Send_Byte     myiic.o
    0x08002930   0x08002930   0x0000004c   Code   RO         4531    i.IIC_Start         myiic.o
    0x0800297c   0x0800297c   0x0000004c   Code   RO         4532    i.IIC_Stop          myiic.o
    0x080029c8   0x080029c8   0x00000060   Code   RO         4533    i.IIC_Wait_Ack      myiic.o
    0x08002a28   0x08002a28   0x00000084   Code   RO         4423    i.KEY_Init          key.o
    0x08002aac   0x08002aac   0x000000c8   Code   RO         4424    i.KEY_Scan          key.o
    0x08002b74   0x08002b74   0x00000034   Code   RO         4204    i.LCD_Clear         lcd.o
    0x08002ba8   0x08002ba8   0x00000130   Code   RO         4208    i.LCD_Display_Dir   lcd.o
    0x08002cd8   0x08002cd8   0x000000b0   Code   RO         4209    i.LCD_DrawLine      lcd.o
    0x08002d88   0x08002d88   0x00000024   Code   RO         4210    i.LCD_DrawPoint     lcd.o
    0x08002dac   0x08002dac   0x00000098   Code   RO         4212    i.LCD_Draw_Circle   lcd.o
    0x08002e44   0x08002e44   0x000000f4   Code   RO         4213    i.LCD_Fast_DrawPoint  lcd.o
    0x08002f38   0x08002f38   0x00000054   Code   RO         4214    i.LCD_Fill          lcd.o
    0x08002f8c   0x08002f8c   0x000026e4   Code   RO         4215    i.LCD_Init          lcd.o
    0x08005670   0x08005670   0x00000016   Code   RO         4216    i.LCD_Pow           lcd.o
    0x08005686   0x08005686   0x00000002   PAD
    0x08005688   0x08005688   0x00000014   Code   RO         4217    i.LCD_RD_DATA       lcd.o
    0x0800569c   0x0800569c   0x00000060   Code   RO         4220    i.LCD_SSD_BackLightSet  lcd.o
    0x080056fc   0x080056fc   0x00000234   Code   RO         4221    i.LCD_Scan_Dir      lcd.o
    0x08005930   0x08005930   0x00000120   Code   RO         4222    i.LCD_SetCursor     lcd.o
    0x08005a50   0x08005a50   0x0000013c   Code   RO         4224    i.LCD_ShowChar      lcd.o
    0x08005b8c   0x08005b8c   0x00000094   Code   RO         4225    i.LCD_ShowNum       lcd.o
    0x08005c20   0x08005c20   0x00000066   Code   RO         4226    i.LCD_ShowString    lcd.o
    0x08005c86   0x08005c86   0x00000002   PAD
    0x08005c88   0x08005c88   0x00000018   Code   RO         4228    i.LCD_WR_DATA       lcd.o
    0x08005ca0   0x08005ca0   0x00000018   Code   RO         4229    i.LCD_WR_REG        lcd.o
    0x08005cb8   0x08005cb8   0x00000014   Code   RO         4231    i.LCD_WriteRAM_Prepare  lcd.o
    0x08005ccc   0x08005ccc   0x00000014   Code   RO         4232    i.LCD_WriteReg      lcd.o
    0x08005ce0   0x08005ce0   0x0000005c   Code   RO         4178    i.LED_Init          led.o
    0x08005d3c   0x08005d3c   0x00000040   Code   RO            4    i.Load_Drow_Dialog  main.o
    0x08005d7c   0x08005d7c   0x00000004   Code   RO          320    i.MemManage_Handler  stm32f4xx_it.o
    0x08005d80   0x08005d80   0x00000002   Code   RO          321    i.NMI_Handler       stm32f4xx_it.o
    0x08005d82   0x08005d82   0x00000002   PAD
    0x08005d84   0x08005d84   0x000000dc   Code   RO         4768    i.OTT2001A_Init     ott2001a.o
    0x08005e60   0x08005e60   0x00000062   Code   RO         4769    i.OTT2001A_RD_Reg   ott2001a.o
    0x08005ec2   0x08005ec2   0x00000002   PAD
    0x08005ec4   0x08005ec4   0x00000204   Code   RO         4770    i.OTT2001A_Scan     ott2001a.o
    0x080060c8   0x080060c8   0x0000001c   Code   RO         4771    i.OTT2001A_SensorControl  ott2001a.o
    0x080060e4   0x080060e4   0x0000005c   Code   RO         4772    i.OTT2001A_WR_Reg   ott2001a.o
    0x08006140   0x08006140   0x00000002   Code   RO          322    i.PendSV_Handler    stm32f4xx_it.o
    0x08006142   0x08006142   0x00000002   Code   RO          323    i.SVC_Handler       stm32f4xx_it.o
    0x08006144   0x08006144   0x000000cc   Code   RO         4086    i.Stm32_Clock_Init  sys.o
    0x08006210   0x08006210   0x00000008   Code   RO          324    i.SysTick_Handler   stm32f4xx_it.o
    0x08006218   0x08006218   0x00000064   Code   RO          396    i.SystemInit        system_stm32f4xx.o
    0x0800627c   0x0800627c   0x00000044   Code   RO         4928    i.TIM4_IRQHandler   usmart.o
    0x080062c0   0x080062c0   0x000000d8   Code   RO         2110    i.TIM_Base_SetConfig  stm32f4xx_hal_tim.o
    0x08006398   0x08006398   0x000001a8   Code   RO         4820    i.TP_Adj_Info_Show  touch.o
    0x08006540   0x08006540   0x00000900   Code   RO         4821    i.TP_Adjust         touch.o
    0x08006e40   0x08006e40   0x0000003c   Code   RO         4822    i.TP_Draw_Big_Point  touch.o
    0x08006e7c   0x08006e7c   0x00000070   Code   RO         4823    i.TP_Drow_Touch_Point  touch.o
    0x08006eec   0x08006eec   0x000000b0   Code   RO         4824    i.TP_Get_Adjdata    touch.o
    0x08006f9c   0x08006f9c   0x00000188   Code   RO         4825    i.TP_Init           touch.o
    0x08007124   0x08007124   0x00000094   Code   RO         4826    i.TP_Read_AD        touch.o
    0x080071b8   0x080071b8   0x00000078   Code   RO         4827    i.TP_Read_XOY       touch.o
    0x08007230   0x08007230   0x00000030   Code   RO         4828    i.TP_Read_XY        touch.o
    0x08007260   0x08007260   0x000000c0   Code   RO         4829    i.TP_Read_XY2       touch.o
    0x08007320   0x08007320   0x00000080   Code   RO         4830    i.TP_Save_Adjdata   touch.o
    0x080073a0   0x080073a0   0x000000fc   Code   RO         4831    i.TP_Scan           touch.o
    0x0800749c   0x0800749c   0x0000004c   Code   RO         4832    i.TP_Write_Byte     touch.o
    0x080074e8   0x080074e8   0x00000060   Code   RO         4929    i.Timer4_Init       usmart.o
    0x08007548   0x08007548   0x00000014   Code   RO         1314    i.UART_DMAAbortOnError  stm32f4xx_hal_uart.o
    0x0800755c   0x0800755c   0x00000020   Code   RO         1324    i.UART_EndRxTransfer  stm32f4xx_hal_uart.o
    0x0800757c   0x0800757c   0x00000020   Code   RO         1325    i.UART_EndTransmit_IT  stm32f4xx_hal_uart.o
    0x0800759c   0x0800759c   0x000000a6   Code   RO         1327    i.UART_Receive_IT   stm32f4xx_hal_uart.o
    0x08007642   0x08007642   0x00000002   PAD
    0x08007644   0x08007644   0x00000368   Code   RO         1328    i.UART_SetConfig    stm32f4xx_hal_uart.o
    0x080079ac   0x080079ac   0x00000068   Code   RO         1329    i.UART_Transmit_IT  stm32f4xx_hal_uart.o
    0x08007a14   0x08007a14   0x00000040   Code   RO         4115    i.USART1_IRQHandler  usart.o
    0x08007a54   0x08007a54   0x00000004   Code   RO          325    i.UsageFault_Handler  stm32f4xx_it.o
    0x08007a58   0x08007a58   0x00000010   Code   RO          758    i.__NVIC_GetPriorityGrouping  stm32f4xx_hal_cortex.o
    0x08007a68   0x08007a68   0x00000028   Code   RO          759    i.__NVIC_SetPriority  stm32f4xx_hal_cortex.o
    0x08007a90   0x08007a90   0x0000007a   Code   RO         5218    i.__hardfp_sqrt     m_wm.l(sqrt.o)
    0x08007b0a   0x08007b0a   0x0000000e   Code   RO         5172    i._is_digit         c_w.l(__printf_wp.o)
    0x08007b18   0x08007b18   0x00000004   Code   RO         4116    i._sys_exit         usart.o
    0x08007b1c   0x08007b1c   0x00000124   Code   RO            5    i.ctp_test          main.o
    0x08007c40   0x08007c40   0x00000014   Code   RO         4047    i.delay_init        delay.o
    0x08007c54   0x08007c54   0x00000018   Code   RO         4048    i.delay_ms          delay.o
    0x08007c6c   0x08007c6c   0x00000048   Code   RO         4049    i.delay_us          delay.o
    0x08007cb4   0x08007cb4   0x0000001c   Code   RO         4117    i.fputc             usart.o
    0x08007cd0   0x08007cd0   0x00000024   Code   RO            6    i.gui_draw_hline    main.o
    0x08007cf4   0x08007cf4   0x000000b0   Code   RO            7    i.gui_fill_circle   main.o
    0x08007da4   0x08007da4   0x000000d4   Code   RO            8    i.lcd_draw_bline    main.o
    0x08007e78   0x08007e78   0x00000134   Code   RO            9    i.main              main.o
    0x08007fac   0x08007fac   0x00000006   Code   RO         4930    i.read_addr         usmart.o
    0x08007fb2   0x08007fb2   0x00000002   PAD
    0x08007fb4   0x08007fb4   0x000000b0   Code   RO           11    i.rtp_test          main.o
    0x08008064   0x08008064   0x00000038   Code   RO         4118    i.uart_init         usart.o
    0x0800809c   0x0800809c   0x000000b0   Code   RO         4931    i.usmart_cmd_rec    usmart.o
    0x0800814c   0x0800814c   0x000002d4   Code   RO         4932    i.usmart_exe        usmart.o
    0x08008420   0x08008420   0x000000d4   Code   RO         5017    i.usmart_get_aparm  usmart_str.o
    0x080084f4   0x080084f4   0x00000036   Code   RO         5018    i.usmart_get_cmdname  usmart_str.o
    0x0800852a   0x0800852a   0x00000002   PAD
    0x0800852c   0x0800852c   0x000001c0   Code   RO         5019    i.usmart_get_fname  usmart_str.o
    0x080086ec   0x080086ec   0x0000010c   Code   RO         5020    i.usmart_get_fparam  usmart_str.o
    0x080087f8   0x080087f8   0x00000020   Code   RO         5021    i.usmart_get_parmpos  usmart_str.o
    0x08008818   0x08008818   0x00000044   Code   RO         4933    i.usmart_get_runtime  usmart.o
    0x0800885c   0x0800885c   0x00000028   Code   RO         4934    i.usmart_init       usmart.o
    0x08008884   0x08008884   0x00000016   Code   RO         5022    i.usmart_pow        usmart_str.o
    0x0800889a   0x0800889a   0x00000002   PAD
    0x0800889c   0x0800889c   0x00000034   Code   RO         4935    i.usmart_reset_runtime  usmart.o
    0x080088d0   0x080088d0   0x000000bc   Code   RO         4936    i.usmart_scan       usmart.o
    0x0800898c   0x0800898c   0x00000016   Code   RO         5023    i.usmart_search_nextc  usmart_str.o
    0x080089a2   0x080089a2   0x00000106   Code   RO         5024    i.usmart_str2num    usmart_str.o
    0x08008aa8   0x08008aa8   0x00000022   Code   RO         5025    i.usmart_strcmp     usmart_str.o
    0x08008aca   0x08008aca   0x00000016   Code   RO         5026    i.usmart_strcopy    usmart_str.o
    0x08008ae0   0x08008ae0   0x00000018   Code   RO         5027    i.usmart_strlen     usmart_str.o
    0x08008af8   0x08008af8   0x000006f4   Code   RO         4937    i.usmart_sys_cmd_exe  usmart.o
    0x080091ec   0x080091ec   0x00000004   Code   RO         4938    i.write_addr        usmart.o
    0x080091f0   0x080091f0   0x00000150   Code   RO         5194    x$fpl$dadd          fz_wm.l(daddsub_clz.o)
    0x08009340   0x08009340   0x00000018   Code   RO         5246    x$fpl$dcmpinf       fz_wm.l(dcmpi.o)
    0x08009358   0x08009358   0x0000005a   Code   RO         5200    x$fpl$dfixu         fz_wm.l(dfixu.o)
    0x080093b2   0x080093b2   0x0000002e   Code   RO         5205    x$fpl$dflt          fz_wm.l(dflt_clz.o)
    0x080093e0   0x080093e0   0x00000026   Code   RO         5204    x$fpl$dfltu         fz_wm.l(dflt_clz.o)
    0x08009406   0x08009406   0x00000002   PAD
    0x08009408   0x08009408   0x00000078   Code   RO         5210    x$fpl$dleqf         fz_wm.l(dleqf.o)
    0x08009480   0x08009480   0x00000154   Code   RO         5212    x$fpl$dmul          fz_wm.l(dmul.o)
    0x080095d4   0x080095d4   0x0000009c   Code   RO         5248    x$fpl$dnaninf       fz_wm.l(dnaninf.o)
    0x08009670   0x08009670   0x0000000c   Code   RO         5250    x$fpl$dretinf       fz_wm.l(dretinf.o)
    0x0800967c   0x0800967c   0x0000006c   Code   RO         5214    x$fpl$drleqf        fz_wm.l(drleqf.o)
    0x080096e8   0x080096e8   0x00000016   Code   RO         5195    x$fpl$drsb          fz_wm.l(daddsub_clz.o)
    0x080096fe   0x080096fe   0x00000002   PAD
    0x08009700   0x08009700   0x00000198   Code   RO         5252    x$fpl$dsqrt         fz_wm.l(dsqrt_umaal.o)
    0x08009898   0x08009898   0x000001d4   Code   RO         5196    x$fpl$dsub          fz_wm.l(daddsub_clz.o)
    0x08009a6c   0x08009a6c   0x00000056   Code   RO         5216    x$fpl$f2d           fz_wm.l(f2d.o)
    0x08009ac2   0x08009ac2   0x0000008c   Code   RO         5254    x$fpl$fnaninf       fz_wm.l(fnaninf.o)
    0x08009b4e   0x08009b4e   0x0000000a   Code   RO         5370    x$fpl$fpinit        fz_wm.l(fpinit.o)
    0x08009b58   0x08009b58   0x00000000   Code   RO         5256    x$fpl$usenofp       fz_wm.l(usenofp.o)
    0x08009b58   0x08009b58   0x0000000a   Data   RO           12    .constdata          main.o
    0x08009b62   0x08009b62   0x00000018   Data   RO          397    .constdata          system_stm32f4xx.o
    0x08009b7a   0x08009b7a   0x00004740   Data   RO         4235    .constdata          lcd.o
    0x0800e2ba   0x0800e2ba   0x00000014   Data   RO         4671    .constdata          ft5206.o
    0x0800e2ce   0x0800e2ce   0x000000c2   Data   RO         4721    .constdata          gt9147.o
    0x0800e390   0x0800e390   0x0000000a   Data   RO         4773    .constdata          ott2001a.o
    0x0800e39a   0x0800e39a   0x00000002   PAD
    0x0800e39c   0x0800e39c   0x00000004   Data   RO         4833    .constdata          touch.o
    0x0800e3a0   0x0800e3a0   0x00000028   Data   RO         5145    .constdata          c_w.l(_printf_hex_int.o)
    0x0800e3c8   0x0800e3c8   0x00000011   Data   RO         5180    .constdata          c_w.l(__printf_flags_ss_wp.o)
    0x0800e3d9   0x0800e3d9   0x00000003   PAD
    0x0800e3dc   0x0800e3dc   0x00000079   Data   RO         4834    .conststring        touch.o
    0x0800e455   0x0800e455   0x00000003   PAD
    0x0800e458   0x0800e458   0x00000028   Data   RO         4940    .conststring        usmart.o
    0x0800e480   0x0800e480   0x0000006b   Data   RO         5101    .conststring        usmart_config.o
    0x0800e4eb   0x0800e4eb   0x00000001   PAD
    0x0800e4ec   0x0800e4ec   0x00000020   Data   RO         5426    Region$$Table       anon$$obj.o


    Execution Region RW_IRAM1 (Exec base: 0x20000000, Load base: 0x0800e50c, Size: 0x000009a0, Max: 0x00020000, ABSOLUTE, COMPRESSED[0x0000006c])

    Exec Addr    Load Addr    Size         Type   Attr      Idx    E Section Name        Object

    0x20000000   COMPRESSED   0x00000004   Data   RW          398    .data               system_stm32f4xx.o
    0x20000004   COMPRESSED   0x00000009   Data   RW          584    .data               stm32f4xx_hal.o
    0x2000000d   COMPRESSED   0x00000003   PAD
    0x20000010   COMPRESSED   0x00000004   Data   RW         4050    .data               delay.o
    0x20000014   COMPRESSED   0x00000007   Data   RW         4120    .data               usart.o
    0x2000001b   COMPRESSED   0x00000001   PAD
    0x2000001c   COMPRESSED   0x00000008   Data   RW         4236    .data               lcd.o
    0x20000024   COMPRESSED   0x00000001   Data   RW         4425    .data               key.o
    0x20000025   COMPRESSED   0x00000007   Data   RW         4672    .data               ft5206.o
    0x2000002c   COMPRESSED   0x00000001   Data   RW         4722    .data               gt9147.o
    0x2000002d   COMPRESSED   0x00000001   Data   RW         4774    .data               ott2001a.o
    0x2000002e   COMPRESSED   0x00000002   PAD
    0x20000030   COMPRESSED   0x00000036   Data   RW         4835    .data               touch.o
    0x20000066   COMPRESSED   0x00000002   PAD
    0x20000068   COMPRESSED   0x0000001c   Data   RW         4941    .data               usmart.o
    0x20000084   COMPRESSED   0x00000114   Data   RW         5102    .data               usmart_config.o
    0x20000198        -       0x00000108   Zero   RW         4119    .bss                usart.o
    0x200002a0        -       0x0000005e   Zero   RW         4234    .bss                lcd.o
    0x200002fe   COMPRESSED   0x00000002   PAD
    0x20000300        -       0x00000040   Zero   RW         4939    .bss                usmart.o
    0x20000340        -       0x00000060   Zero   RW         5286    .bss                c_w.l(libspace.o)
    0x200003a0        -       0x00000200   Zero   RW          548    HEAP                startup_stm32f407xx.o
    0x200005a0        -       0x00000400   Zero   RW          547    STACK               startup_stm32f407xx.o


==============================================================================

Image component sizes


      Code (inc. data)   RO Data    RW Data    ZI Data      Debug   Object Name

       262          0          0          0          0       3197   24cxx.o
       594        100          0          0          0       5465   ctiic.o
       116          8          0          4          0       1959   delay.o
      1438         80         20          7          0       4189   ft5206.o
      1122         84        194          1          0       4722   gt9147.o
       332         26          0          1          0       1678   key.o
     12908        208      18240          8         94      23122   lcd.o
        92          8          0          0          0        867   led.o
      1264        138         10          0          0     709482   main.o
       712        112          0          0          0       4910   myiic.o
       954         72         10          1          0       4415   ott2001a.o
        64         26        392          0       1536        836   startup_stm32f407xx.o
       172         34          0          9          0       4496   stm32f4xx_hal.o
       344         22          0          0          0      35005   stm32f4xx_hal_cortex.o
        40          0          0          0          0       1143   stm32f4xx_hal_dma.o
       540         46          0          0          0       3007   stm32f4xx_hal_gpio.o
         2          0          0          0          0        450   stm32f4xx_hal_msp.o
      1732         84          0          0          0       5572   stm32f4xx_hal_rcc.o
        88          0          0          0          0       1220   stm32f4xx_hal_sram.o
       312         46          0          0          0       3148   stm32f4xx_hal_tim.o
      1808         12          0          0          0       8751   stm32f4xx_hal_uart.o
        32          0          0          0          0       4078   stm32f4xx_it.o
       232         10          0          0          0       2751   stm32f4xx_ll_fsmc.o
       204         14          0          0          0       1235   sys.o
       100         18         24          4          0       1095   system_stm32f4xx.o
      4432        284        125         54          0      11557   touch.o
       444         54          0          7        264       5489   usart.o
      3202       1354         40         28         64       7935   usmart.o
         0          0        107        276          0       1512   usmart_config.o
      1400         20          0          0          0       9025   usmart_str.o

    ----------------------------------------------------------------------
     34972       2860      19200        408       1960     872311   Object Totals
         0          0         32          0          0          0   (incl. Generated)
        30          0          6          8          2          0   (incl. Padding)

    ----------------------------------------------------------------------

      Code (inc. data)   RO Data    RW Data    ZI Data      Debug   Library Member Name

        90          0          0          0          0          0   __dczerorl2.o
         8          0          0          0          0         68   __main.o
       392          4         17          0          0         92   __printf_flags_ss_wp.o
        14          0          0          0          0         68   __printf_wp.o
         0          0          0          0          0          0   __rtentry.o
        12          0          0          0          0          0   __rtentry2.o
         6          0          0          0          0          0   __rtentry4.o
        52          8          0          0          0          0   __scatter.o
        28          0          0          0          0          0   __scatter_zi.o
         6          0          0          0          0          0   _printf_c.o
        44          0          0          0          0        108   _printf_char.o
        48          6          0          0          0         96   _printf_char_common.o
        36          4          0          0          0         80   _printf_char_file.o
         6          0          0          0          0          0   _printf_d.o
       120         16          0          0          0         92   _printf_dec.o
        88          4         40          0          0         88   _printf_hex_int.o
       178          0          0          0          0         88   _printf_intcommon.o
        78          0          0          0          0        108   _printf_pad.o
         0          0          0          0          0          0   _printf_percent.o
         4          0          0          0          0          0   _printf_percent_end.o
         6          0          0          0          0          0   _printf_s.o
        82          0          0          0          0         80   _printf_str.o
         6          0          0          0          0          0   _printf_u.o
         6          0          0          0          0          0   _printf_x.o
        22          0          0          0          0        100   _rserrno.o
        18          0          0          0          0         80   exit.o
         8          0          0          0          0         68   ferror.o
         6          0          0          0          0        152   heapauxi.o
         2          0          0          0          0          0   libinit.o
         6          0          0          0          0          0   libinit2.o
         2          0          0          0          0          0   libshutdown.o
         2          0          0          0          0          0   libshutdown2.o
         8          4          0          0         96         68   libspace.o
       238          0          0          0          0        100   lludivv7m.o
        24          4          0          0          0         84   noretval__2printf.o
         8          4          0          0          0         68   rt_errno_addr_intlibspace.o
         2          0          0          0          0          0   rtexit.o
        10          0          0          0          0          0   rtexit2.o
       128          0          0          0          0         68   strcmpv7m.o
        74          0          0          0          0         80   sys_stackheap_outer.o
         2          0          0          0          0         68   use_no_semi.o
         2          0          0          0          0         68   use_no_semi_2.o
       826         16          0          0          0        492   daddsub_clz.o
        24          0          0          0          0        116   dcmpi.o
        90          4          0          0          0        140   dfixu.o
        84          0          0          0          0        232   dflt_clz.o
       120          4          0          0          0        140   dleqf.o
       340         12          0          0          0        152   dmul.o
       156          4          0          0          0        140   dnaninf.o
        12          0          0          0          0        116   dretinf.o
       108          0          0          0          0        128   drleqf.o
       408         56          0          0          0        168   dsqrt_umaal.o
        86          4          0          0          0        132   f2d.o
       140          4          0          0          0        132   fnaninf.o
        10          0          0          0          0        116   fpinit.o
         0          0          0          0          0          0   usenofp.o
       122          0          0          0          0        148   sqrt.o

    ----------------------------------------------------------------------
      4404        158         60          0         96       4324   Library Totals
         6          0          3          0          0          0   (incl. Padding)

    ----------------------------------------------------------------------

      Code (inc. data)   RO Data    RW Data    ZI Data      Debug   Library Name

      1872         54         57          0         96       1972   c_w.l
      2404        104          0          0          0       2204   fz_wm.l
       122          0          0          0          0        148   m_wm.l

    ----------------------------------------------------------------------
      4404        158         60          0         96       4324   Library Totals

    ----------------------------------------------------------------------

==============================================================================


      Code (inc. data)   RO Data    RW Data    ZI Data      Debug   

     39376       3018      19260        408       2056     858347   Grand Totals
     39376       3018      19260        108       2056     858347   ELF Image Totals (compressed)
     39376       3018      19260        108          0          0   ROM Totals

==============================================================================

    Total RO  Size (Code + RO Data)                58636 (  57.26kB)
    Total RW  Size (RW Data + ZI Data)              2464 (   2.41kB)
    Total ROM Size (Code + RO Data + RW Data)      58744 (  57.37kB)

==============================================================================

